14:27:10 **** Incremental Build of configuration Debug for project 8Button_GamePad ****
make -j12 all 
arm-none-eabi-gcc "../Core/Src/main.c" -mcpu=cortex-m3 -std=gnu11 -g3 -DDEBUG -DUSE_HAL_DRIVER -DSTM32F103xB -c -I../Core/Inc -I../Drivers/STM32F1xx_HAL_Driver/Inc/Legacy -I../Drivers/STM32F1xx_HAL_Driver/Inc -I../Drivers/CMSIS/Device/ST/STM32F1xx/Include -I../Drivers/CMSIS/Include -O0 -ffunction-sections -fdata-sections -Wall -fstack-usage -fcyclomatic-complexity -MMD -MP -MF"Core/Src/main.d" -MT"Core/Src/main.o" --specs=nano.specs -mfloat-abi=soft -mthumb -o "Core/Src/main.o"
arm-none-eabi-gcc -o "8Button_GamePad.elf" @"objects.list"   -mcpu=cortex-m3 -T"C:\Users\DELL\OneDrive - The University of Technology\Automotive\STM32_Cube\Drone\6Button_GamePad\STM32F103C8TX_FLASH.ld" --specs=nosys.specs -Wl,-Map="8Button_GamePad.map" -Wl,--gc-sections -static --specs=nano.specs -mfloat-abi=soft -mthumb -Wl,--start-group -lc -lm -Wl,--end-group
Finished building target: 8Button_GamePad.elf
 
arm-none-eabi-size  8Button_GamePad.elf 
arm-none-eabi-objdump -h -S 8Button_GamePad.elf  > "8Button_GamePad.list"
   text	   data	    bss	    dec	    hex	filename
   4820	     12	   1572	   6404	   1904	8Button_GamePad.elf
Finished building: default.size.stdout
 
Finished building: 8Button_GamePad.list
 

14:27:11 Build Finished. 0 errors, 0 warnings. (took 660ms)

