21:39:53 **** Build of configuration Debug for project ADC_DMA_4Channel_GamePad ****
make -j12 all 
arm-none-eabi-gcc "../Core/Src/main.c" -mcpu=cortex-m3 -std=gnu11 -g3 -DDEBUG -DUSE_HAL_DRIVER -DSTM32F103xB -c -I../Core/Inc -I../Drivers/STM32F1xx_HAL_Driver/Inc/Legacy -I../Drivers/STM32F1xx_HAL_Driver/Inc -I../Drivers/CMSIS/Device/ST/STM32F1xx/Include -I../Drivers/CMSIS/Include -O0 -ffunction-sections -fdata-sections -Wall -fstack-usage -fcyclomatic-complexity -MMD -MP -MF"Core/Src/main.d" -MT"Core/Src/main.o" --specs=nano.specs -mfloat-abi=soft -mthumb -o "Core/Src/main.o"
arm-none-eabi-gcc -o "ADC_DMA_4Channel_GamePad.elf" @"objects.list"   -mcpu=cortex-m3 -T"C:\Users\DELL\OneDrive - The University of Technology\Automotive\STM32_Cube\Drone\ADC_GamePad\STM32F103C8TX_FLASH.ld" --specs=nosys.specs -Wl,-Map="ADC_DMA_4Channel_GamePad.map" -Wl,--gc-sections -static --specs=nano.specs -mfloat-abi=soft -mthumb -Wl,--start-group -lc -lm -Wl,--end-group
Finished building target: ADC_DMA_4Channel_GamePad.elf
 
arm-none-eabi-size  ADC_DMA_4Channel_GamePad.elf 
arm-none-eabi-objdump -h -S ADC_DMA_4Channel_GamePad.elf  > "ADC_DMA_4Channel_GamePad.list"
   text	   data	    bss	    dec	    hex	filename
   8656	     12	   1692	  10360	   2878	ADC_DMA_4Channel_GamePad.elf
Finished building: default.size.stdout
 
Finished building: ADC_DMA_4Channel_GamePad.list
 

21:39:54 Build Finished. 0 errors, 0 warnings. (took 1s.107ms)

