13:42:32 **** Build of configuration Debug for project CppProject ****
make -j12 all 
arm-none-eabi-gcc "../Core/Src/gpio.c" -mcpu=cortex-m4 -std=gnu11 -g3 -DDEBUG -DUSE_HAL_DRIVER -DSTM32F407xx -c -I../Core/Inc -I../Drivers/STM32F4xx_HAL_Driver/Inc -I../Drivers/STM32F4xx_HAL_Driver/Inc/Legacy -I../Drivers/CMSIS/Device/ST/STM32F4xx/Include -I../Drivers/CMSIS/Include -O0 -ffunction-sections -fdata-sections -Wall -fstack-usage -fcyclomatic-complexity -MMD -MP -MF"Core/Src/gpio.d" -MT"Core/Src/gpio.o" --specs=nano.specs -mfpu=fpv4-sp-d16 -mfloat-abi=hard -mthumb -o "Core/Src/gpio.o"
arm-none-eabi-g++ -o "CppProject.elf" @"objects.list"   -mcpu=cortex-m4 -T"C:\Users\DELL\OneDrive - The University of Technology\Automotive\STM32_Cube\Drone\CppProject\STM32F407VETX_FLASH.ld" --specs=nosys.specs -Wl,-Map="CppProject.map" -Wl,--gc-sections -static --specs=nano.specs -mfpu=fpv4-sp-d16 -mfloat-abi=hard -mthumb -Wl,--start-group -lc -lm -lstdc++ -lsupc++ -Wl,--end-group
Finished building target: CppProject.elf
 
arm-none-eabi-size  CppProject.elf 
arm-none-eabi-objdump -h -S CppProject.elf  > "CppProject.list"
   text	   data	    bss	    dec	    hex	filename
   5796	     12	   1572	   7380	   1cd4	CppProject.elf
Finished building: default.size.stdout
 
Finished building: CppProject.list
 

13:42:32 Build Finished. 0 errors, 0 warnings. (took 694ms)

