16:50:36 **** Incremental Build of configuration Debug for project GY86_MainDrone ****
make -j12 all 
arm-none-eabi-g++ "../Core/Src/main.cpp" -mcpu=cortex-m4 -std=gnu++14 -g3 -DDEBUG -DUSE_HAL_DRIVER -DSTM32F407xx -c -I../Core/Inc -I../Drivers/STM32F4xx_HAL_Driver/Inc -I../Drivers/STM32F4xx_HAL_Driver/Inc/Legacy -I../Drivers/CMSIS/Device/ST/STM32F4xx/Include -I../Drivers/CMSIS/Include -O0 -ffunction-sections -fdata-sections -fno-exceptions -fno-rtti -fno-use-cxa-atexit -Wall -fstack-usage -fcyclomatic-complexity -MMD -MP -MF"Core/Src/main.d" -MT"Core/Src/main.o" --specs=nano.specs -mfpu=fpv4-sp-d16 -mfloat-abi=hard -mthumb -o "Core/Src/main.o"
arm-none-eabi-g++ -o "GY86_MainDrone.elf" @"objects.list"   -mcpu=cortex-m4 -T"C:\Users\DELL\OneDrive - The University of Technology\Automotive\STM32_Cube\Drone\GY86_MainDrone\STM32F407VETX_FLASH.ld" -Wl,-Map="GY86_MainDrone.map" -Wl,--gc-sections -static --specs=nano.specs -mfpu=fpv4-sp-d16 -mfloat-abi=hard -mthumb -u _printf_float -u _scanf_float -Wl,--start-group -lc -lm -lstdc++ -lsupc++ -Wl,--end-group
Finished building target: GY86_MainDrone.elf
 
arm-none-eabi-size  GY86_MainDrone.elf 
arm-none-eabi-objdump -h -S GY86_MainDrone.elf  > "GY86_MainDrone.list"
   text	   data	    bss	    dec	    hex	filename
  57676	    472	   2968	  61116	   eebc	GY86_MainDrone.elf
Finished building: default.size.stdout
 
Finished building: GY86_MainDrone.list
 

16:50:37 Build Finished. 0 errors, 0 warnings. (took 985ms)

