12:04:31 **** Incremental Build of configuration Debug for project LED_Buzzer_GamePad ****
make -j12 all 
arm-none-eabi-gcc "../Core/Src/main.c" -mcpu=cortex-m3 -std=gnu11 -g3 -DDEBUG -DUSE_HAL_DRIVER -DSTM32F103xB -c -I../Core/Inc -I../Drivers/STM32F1xx_HAL_Driver/Inc/Legacy -I../Drivers/STM32F1xx_HAL_Driver/Inc -I../Drivers/CMSIS/Device/ST/STM32F1xx/Include -I../Drivers/CMSIS/Include -O0 -ffunction-sections -fdata-sections -Wall -fstack-usage -fcyclomatic-complexity -MMD -MP -MF"Core/Src/main.d" -MT"Core/Src/main.o" --specs=nano.specs -mfloat-abi=soft -mthumb -o "Core/Src/main.o"
arm-none-eabi-gcc -o "LED_Buzzer_GamePad.elf" @"objects.list"   -mcpu=cortex-m3 -T"C:\Users\DELL\OneDrive - The University of Technology\Automotive\STM32_Cube\Drone\LED_GamePad\STM32F103C8TX_FLASH.ld" --specs=nosys.specs -Wl,-Map="LED_Buzzer_GamePad.map" -Wl,--gc-sections -static --specs=nano.specs -mfloat-abi=soft -mthumb -Wl,--start-group -lc -lm -Wl,--end-group
Finished building target: LED_Buzzer_GamePad.elf
 
arm-none-eabi-size  LED_Buzzer_GamePad.elf 
arm-none-eabi-objdump -h -S LED_Buzzer_GamePad.elf  > "LED_Buzzer_GamePad.list"
   text	   data	    bss	    dec	    hex	filename
   4716	     12	   1572	   6300	   189c	LED_Buzzer_GamePad.elf
Finished building: default.size.stdout
 
Finished building: LED_Buzzer_GamePad.list
 

12:04:31 Build Finished. 0 errors, 0 warnings. (took 609ms)

