Archive member included to satisfy reference by file (symbol)

C:/ST/STM32CubeIDE_1.18.1/STM32CubeIDE/plugins/com.st.stm32cube.ide.mcu.externaltools.gnu-tools-for-stm32.13.3.rel1.win32_1.0.0.202411081344/tools/bin/../lib/gcc/arm-none-eabi/13.3.1/../../../../arm-none-eabi/lib/thumb/v7e-m+fp/hard\libstdc++_nano.a(del_ops.o)
                              ./Core/Src/PIDHorizontal.o (operator delete(void*, unsigned int))
C:/ST/STM32CubeIDE_1.18.1/STM32CubeIDE/plugins/com.st.stm32cube.ide.mcu.externaltools.gnu-tools-for-stm32.13.3.rel1.win32_1.0.0.202411081344/tools/bin/../lib/gcc/arm-none-eabi/13.3.1/../../../../arm-none-eabi/lib/thumb/v7e-m+fp/hard\libstdc++_nano.a(del_op.o)
                              C:/ST/STM32CubeIDE_1.18.1/STM32CubeIDE/plugins/com.st.stm32cube.ide.mcu.externaltools.gnu-tools-for-stm32.13.3.rel1.win32_1.0.0.202411081344/tools/bin/../lib/gcc/arm-none-eabi/13.3.1/../../../../arm-none-eabi/lib/thumb/v7e-m+fp/hard\libstdc++_nano.a(del_ops.o) (operator delete(void*))
C:/ST/STM32CubeIDE_1.18.1/STM32CubeIDE/plugins/com.st.stm32cube.ide.mcu.externaltools.gnu-tools-for-stm32.13.3.rel1.win32_1.0.0.202411081344/tools/bin/../lib/gcc/arm-none-eabi/13.3.1/../../../../arm-none-eabi/lib/thumb/v7e-m+fp/hard\libm.a(libm_a-w_pow.o)
                              ./Core/Src/BMP180.o (pow)
C:/ST/STM32CubeIDE_1.18.1/STM32CubeIDE/plugins/com.st.stm32cube.ide.mcu.externaltools.gnu-tools-for-stm32.13.3.rel1.win32_1.0.0.202411081344/tools/bin/../lib/gcc/arm-none-eabi/13.3.1/../../../../arm-none-eabi/lib/thumb/v7e-m+fp/hard\libm.a(libm_a-w_sqrt.o)
                              ./Core/Src/IMU9DOF.o (sqrt)
C:/ST/STM32CubeIDE_1.18.1/STM32CubeIDE/plugins/com.st.stm32cube.ide.mcu.externaltools.gnu-tools-for-stm32.13.3.rel1.win32_1.0.0.202411081344/tools/bin/../lib/gcc/arm-none-eabi/13.3.1/../../../../arm-none-eabi/lib/thumb/v7e-m+fp/hard\libm.a(libm_a-s_cos.o)
                              ./Core/Src/GPS.o (cos)
C:/ST/STM32CubeIDE_1.18.1/STM32CubeIDE/plugins/com.st.stm32cube.ide.mcu.externaltools.gnu-tools-for-stm32.13.3.rel1.win32_1.0.0.202411081344/tools/bin/../lib/gcc/arm-none-eabi/13.3.1/../../../../arm-none-eabi/lib/thumb/v7e-m+fp/hard\libm.a(libm_a-s_sin.o)
                              ./Core/Src/IMU9DOF.o (sin)
C:/ST/STM32CubeIDE_1.18.1/STM32CubeIDE/plugins/com.st.stm32cube.ide.mcu.externaltools.gnu-tools-for-stm32.13.3.rel1.win32_1.0.0.202411081344/tools/bin/../lib/gcc/arm-none-eabi/13.3.1/../../../../arm-none-eabi/lib/thumb/v7e-m+fp/hard\libm.a(libm_a-wf_asin.o)
                              ./Core/Src/IMU9DOF.o (asinf)
C:/ST/STM32CubeIDE_1.18.1/STM32CubeIDE/plugins/com.st.stm32cube.ide.mcu.externaltools.gnu-tools-for-stm32.13.3.rel1.win32_1.0.0.202411081344/tools/bin/../lib/gcc/arm-none-eabi/13.3.1/../../../../arm-none-eabi/lib/thumb/v7e-m+fp/hard\libm.a(libm_a-wf_atan2.o)
                              ./Core/Src/IMU9DOF.o (atan2f)
C:/ST/STM32CubeIDE_1.18.1/STM32CubeIDE/plugins/com.st.stm32cube.ide.mcu.externaltools.gnu-tools-for-stm32.13.3.rel1.win32_1.0.0.202411081344/tools/bin/../lib/gcc/arm-none-eabi/13.3.1/../../../../arm-none-eabi/lib/thumb/v7e-m+fp/hard\libm.a(libm_a-sf_fabs.o)
                              C:/ST/STM32CubeIDE_1.18.1/STM32CubeIDE/plugins/com.st.stm32cube.ide.mcu.externaltools.gnu-tools-for-stm32.13.3.rel1.win32_1.0.0.202411081344/tools/bin/../lib/gcc/arm-none-eabi/13.3.1/../../../../arm-none-eabi/lib/thumb/v7e-m+fp/hard\libm.a(libm_a-wf_asin.o) (fabsf)
C:/ST/STM32CubeIDE_1.18.1/STM32CubeIDE/plugins/com.st.stm32cube.ide.mcu.externaltools.gnu-tools-for-stm32.13.3.rel1.win32_1.0.0.202411081344/tools/bin/../lib/gcc/arm-none-eabi/13.3.1/../../../../arm-none-eabi/lib/thumb/v7e-m+fp/hard\libm.a(libm_a-s_finite.o)
                              C:/ST/STM32CubeIDE_1.18.1/STM32CubeIDE/plugins/com.st.stm32cube.ide.mcu.externaltools.gnu-tools-for-stm32.13.3.rel1.win32_1.0.0.202411081344/tools/bin/../lib/gcc/arm-none-eabi/13.3.1/../../../../arm-none-eabi/lib/thumb/v7e-m+fp/hard\libm.a(libm_a-w_pow.o) (finite)
C:/ST/STM32CubeIDE_1.18.1/STM32CubeIDE/plugins/com.st.stm32cube.ide.mcu.externaltools.gnu-tools-for-stm32.13.3.rel1.win32_1.0.0.202411081344/tools/bin/../lib/gcc/arm-none-eabi/13.3.1/../../../../arm-none-eabi/lib/thumb/v7e-m+fp/hard\libm.a(libm_a-sf_nan.o)
                              C:/ST/STM32CubeIDE_1.18.1/STM32CubeIDE/plugins/com.st.stm32cube.ide.mcu.externaltools.gnu-tools-for-stm32.13.3.rel1.win32_1.0.0.202411081344/tools/bin/../lib/gcc/arm-none-eabi/13.3.1/../../../../arm-none-eabi/lib/thumb/v7e-m+fp/hard\libm.a(libm_a-wf_asin.o) (nanf)
C:/ST/STM32CubeIDE_1.18.1/STM32CubeIDE/plugins/com.st.stm32cube.ide.mcu.externaltools.gnu-tools-for-stm32.13.3.rel1.win32_1.0.0.202411081344/tools/bin/../lib/gcc/arm-none-eabi/13.3.1/../../../../arm-none-eabi/lib/thumb/v7e-m+fp/hard\libm.a(libm_a-e_sqrt.o)
[...]
Memory Configuration

Name             Origin             Length             Attributes
CCMRAM           0x10000000         0x00010000         xrw
RAM              0x20000000         0x00020000         xrw
FLASH            0x08000000         0x00080000         xr
*default*        0x00000000         0xffffffff

Linker script and memory map

LOAD C:/ST/STM32CubeIDE_1.18.1/STM32CubeIDE/plugins/com.st.stm32cube.ide.mcu.externaltools.gnu-tools-for-stm32.13.3.rel1.win32_1.0.0.202411081344/tools/bin/../lib/gcc/arm-none-eabi/13.3.1/thumb/v7e-m+fp/hard/crti.o
LOAD C:/ST/STM32CubeIDE_1.18.1/STM32CubeIDE/plugins/com.st.stm32cube.ide.mcu.externaltools.gnu-tools-for-stm32.13.3.rel1.win32_1.0.0.202411081344/tools/bin/../lib/gcc/arm-none-eabi/13.3.1/thumb/v7e-m+fp/hard/crtbegin.o
LOAD C:/ST/STM32CubeIDE_1.18.1/STM32CubeIDE/plugins/com.st.stm32cube.ide.mcu.externaltools.gnu-tools-for-stm32.13.3.rel1.win32_1.0.0.202411081344/tools/bin/../lib/gcc/arm-none-eabi/13.3.1/../../../../arm-none-eabi/lib/thumb/v7e-m+fp/hard/crt0.o
LOAD ./Core/Src/BMP180.o
LOAD ./Core/Src/GPS.o
LOAD ./Core/Src/IMU9DOF.o
LOAD ./Core/Src/MySerial.o
LOAD ./Core/Src/NRF24.o
LOAD ./Core/Src/PIDHorizontal.o
LOAD ./Core/Src/barometer.o
LOAD ./Core/Src/dwt_stm32_delay.o
LOAD ./Core/Src/flash.o
LOAD ./Core/Src/main.o
LOAD ./Core/Src/stm32f4xx_hal_msp.o
LOAD ./Core/Src/stm32f4xx_it.o
LOAD ./Core/Src/syscalls.o
LOAD ./Core/Src/sysmem.o
LOAD ./Core/Src/system_stm32f4xx.o
LOAD ./Core/Startup/startup_stm32f407vetx.o
LOAD ./Drivers/STM32F4xx_HAL_Driver/Src/stm32f4xx_hal.o
LOAD ./Drivers/STM32F4xx_HAL_Driver/Src/stm32f4xx_hal_adc.o
LOAD ./Drivers/STM32F4xx_HAL_Driver/Src/stm32f4xx_hal_adc_ex.o
LOAD ./Drivers/STM32F4xx_HAL_Driver/Src/stm32f4xx_hal_cortex.o
LOAD ./Drivers/STM32F4xx_HAL_Driver/Src/stm32f4xx_hal_dma.o
LOAD ./Drivers/STM32F4xx_HAL_Driver/Src/stm32f4xx_hal_dma_ex.o
LOAD ./Drivers/STM32F4xx_HAL_Driver/Src/stm32f4xx_hal_exti.o
LOAD ./Drivers/STM32F4xx_HAL_Driver/Src/stm32f4xx_hal_flash.o
LOAD ./Drivers/STM32F4xx_HAL_Driver/Src/stm32f4xx_hal_flash_ex.o
LOAD ./Drivers/STM32F4xx_HAL_Driver/Src/stm32f4xx_hal_flash_ramfunc.o
LOAD ./Drivers/STM32F4xx_HAL_Driver/Src/stm32f4xx_hal_gpio.o
LOAD ./Drivers/STM32F4xx_HAL_Driver/Src/stm32f4xx_hal_i2c.o
LOAD ./Drivers/STM32F4xx_HAL_Driver/Src/stm32f4xx_hal_i2c_ex.o
LOAD ./Drivers/STM32F4xx_HAL_Driver/Src/stm32f4xx_hal_pwr.o
LOAD ./Drivers/STM32F4xx_HAL_Driver/Src/stm32f4xx_hal_pwr_ex.o
LOAD ./Drivers/STM32F4xx_HAL_Driver/Src/stm32f4xx_hal_rcc.o
LOAD ./Drivers/STM32F4xx_HAL_Driver/Src/stm32f4xx_hal_rcc_ex.o
LOAD ./Drivers/STM32F4xx_HAL_Driver/Src/stm32f4xx_hal_spi.o
LOAD ./Drivers/STM32F4xx_HAL_Driver/Src/stm32f4xx_hal_tim.o
LOAD ./Drivers/STM32F4xx_HAL_Driver/Src/stm32f4xx_hal_tim_ex.o
LOAD ./Drivers/STM32F4xx_HAL_Driver/Src/stm32f4xx_hal_uart.o
LOAD ./Drivers/STM32F4xx_HAL_Driver/Src/stm32f4xx_ll_adc.o
START GROUP
LOAD C:/ST/STM32CubeIDE_1.18.1/STM32CubeIDE/plugins/com.st.stm32cube.ide.mcu.externaltools.gnu-tools-for-stm32.13.3.rel1.win32_1.0.0.202411081344/tools/bin/../lib/gcc/arm-none-eabi/13.3.1/../../../../arm-none-eabi/lib/thumb/v7e-m+fp/hard\libstdc++_nano.a
LOAD C:/ST/STM32CubeIDE_1.18.1/STM32CubeIDE/plugins/com.st.stm32cube.ide.mcu.externaltools.gnu-tools-for-stm32.13.3.rel1.win32_1.0.0.202411081344/tools/bin/../lib/gcc/arm-none-eabi/13.3.1/../../../../arm-none-eabi/lib/thumb/v7e-m+fp/hard\libsupc++_nano.a
END GROUP
LOAD C:/ST/STM32CubeIDE_1.18.1/STM32CubeIDE/plugins/com.st.stm32cube.ide.mcu.externaltools.gnu-tools-for-stm32.13.3.rel1.win32_1.0.0.202411081344/tools/bin/../lib/gcc/arm-none-eabi/13.3.1/../../../../arm-none-eabi/lib/thumb/v7e-m+fp/hard\libstdc++_nano.a
LOAD C:/ST/STM32CubeIDE_1.18.1/STM32CubeIDE/plugins/com.st.stm32cube.ide.mcu.externaltools.gnu-tools-for-stm32.13.3.rel1.win32_1.0.0.202411081344/tools/bin/../lib/gcc/arm-none-eabi/13.3.1/../../../../arm-none-eabi/lib/thumb/v7e-m+fp/hard\libm.a
LOAD C:/ST/STM32CubeIDE_1.18.1/STM32CubeIDE/plugins/com.st.stm32cube.ide.mcu.externaltools.gnu-tools-for-stm32.13.3.rel1.win32_1.0.0.202411081344/tools/bin/../lib/gcc/arm-none-eabi/13.3.1/../../../../arm-none-eabi/lib/thumb/v7e-m+fp/hard\libc_nano.a
START GROUP
LOAD C:/ST/STM32CubeIDE_1.18.1/STM32CubeIDE/plugins/com.st.stm32cube.ide.mcu.externaltools.gnu-tools-for-stm32.13.3.rel1.win32_1.0.0.202411081344/tools/bin/../lib/gcc/arm-none-eabi/13.3.1/thumb/v7e-m+fp/hard\libgcc.a
LOAD C:/ST/STM32CubeIDE_1.18.1/STM32CubeIDE/plugins/com.st.stm32cube.ide.mcu.externaltools.gnu-tools-for-stm32.13.3.rel1.win32_1.0.0.202411081344/tools/bin/../lib/gcc/arm-none-eabi/13.3.1/../../../../arm-none-eabi/lib/thumb/v7e-m+fp/hard\libc_nano.a
END GROUP
START GROUP
LOAD C:/ST/STM32CubeIDE_1.18.1/STM32CubeIDE/plugins/com.st.stm32cube.ide.mcu.externaltools.gnu-tools-for-stm32.13.3.rel1.win32_1.0.0.202411081344/tools/bin/../lib/gcc/arm-none-eabi/13.3.1/thumb/v7e-m+fp/hard\libgcc.a
LOAD C:/ST/STM32CubeIDE_1.18.1/STM32CubeIDE/plugins/com.st.stm32cube.ide.mcu.externaltools.gnu-tools-for-stm32.13.3.rel1.win32_1.0.0.202411081344/tools/bin/../lib/gcc/arm-none-eabi/13.3.1/../../../../arm-none-eabi/lib/thumb/v7e-m+fp/hard\libc_nano.a
LOAD C:/ST/STM32CubeIDE_1.18.1/STM32CubeIDE/plugins/com.st.stm32cube.ide.mcu.externaltools.gnu-tools-for-stm32.13.3.rel1.win32_1.0.0.202411081344/tools/bin/../lib/gcc/arm-none-eabi/13.3.1/../../../../arm-none-eabi/lib/thumb/v7e-m+fp/hard\libnosys.a
END GROUP
START GROUP
LOAD C:/ST/STM32CubeIDE_1.18.1/STM32CubeIDE/plugins/com.st.stm32cube.ide.mcu.externaltools.gnu-tools-for-stm32.13.3.rel1.win32_1.0.0.202411081344/tools/bin/../lib/gcc/arm-none-eabi/13.3.1/thumb/v7e-m+fp/hard\libgcc.a
LOAD C:/ST/STM32CubeIDE_1.18.1/STM32CubeIDE/plugins/com.st.stm32cube.ide.mcu.externaltools.gnu-tools-for-stm32.13.3.rel1.win32_1.0.0.202411081344/tools/bin/../lib/gcc/arm-none-eabi/13.3.1/../../../../arm-none-eabi/lib/thumb/v7e-m+fp/hard\libc_nano.a
LOAD C:/ST/STM32CubeIDE_1.18.1/STM32CubeIDE/plugins/com.st.stm32cube.ide.mcu.externaltools.gnu-tools-for-stm32.13.3.rel1.win32_1.0.0.202411081344/tools/bin/../lib/gcc/arm-none-eabi/13.3.1/../../../../arm-none-eabi/lib/thumb/v7e-m+fp/hard\libnosys.a
END GROUP
LOAD C:/ST/STM32CubeIDE_1.18.1/STM32CubeIDE/plugins/com.st.stm32cube.ide.mcu.externaltools.gnu-tools-for-stm32.13.3.rel1.win32_1.0.0.202411081344/tools/bin/../lib/gcc/arm-none-eabi/13.3.1/thumb/v7e-m+fp/hard/crtend.o
LOAD C:/ST/STM32CubeIDE_1.18.1/STM32CubeIDE/plugins/com.st.stm32cube.ide.mcu.externaltools.gnu-tools-for-stm32.13.3.rel1.win32_1.0.0.202411081344/tools/bin/../lib/gcc/arm-none-eabi/13.3.1/thumb/v7e-m+fp/hard/crtn.o
                0x20020000                        _estack = (ORIGIN (RAM) + LENGTH (RAM))
                0x00000200                        _Min_Heap_Size = 0x200
                0x00000400                        _Min_Stack_Size = 0x400

.isr_vector     0x08000000      0x188
                0x08000000                        . = ALIGN (0x4)
 *(.isr_vector)
 .isr_vector    0x08000000      0x188 ./Core/Startup/startup_stm32f407vetx.o
                0x08000000                g_pfnVectors
                0x08000188                        . = ALIGN (0x4)

.text           0x08000190    0x14544
                0x08000190                        . = ALIGN (0x4)
 *(.text)
 .text          0x08000190       0x40 C:/ST/STM32CubeIDE_1.18.1/STM32CubeIDE/plugins/com.st.stm32cube.ide.mcu.externaltools.gnu-tools-for-stm32.13.3.rel1.win32_1.0.0.202411081344/tools/bin/../lib/gcc/arm-none-eabi/13.3.1/thumb/v7e-m+fp/hard/crtbegin.o
 .text          0x080001d0       0xa0 C:/ST/STM32CubeIDE_1.18.1/STM32CubeIDE/plugins/com.st.stm32cube.ide.mcu.externaltools.gnu-tools-for-stm32.13.3.rel1.win32_1.0.0.202411081344/tools/bin/../lib/gcc/arm-none-eabi/13.3.1/../../../../arm-none-eabi/lib/thumb/v7e-m+fp/hard\libc_nano.a(libc_a-memchr.o)
                0x080001d0                memchr
 .text          0x08000270       0x10 C:/ST/STM32CubeIDE_1.18.1/STM32CubeIDE/plugins/com.st.stm32cube.ide.mcu.externaltools.gnu-tools-for-stm32.13.3.rel1.win32_1.0.0.202411081344/tools/bin/../lib/gcc/arm-none-eabi/13.3.1/../../../../arm-none-eabi/lib/thumb/v7e-m+fp/hard\libc_nano.a(libc_a-strlen.o)
                0x08000270                strlen
 .text          0x08000280      0x378 C:/ST/STM32CubeIDE_1.18.1/STM32CubeIDE/plugins/com.st.stm32cube.ide.mcu.externaltools.gnu-tools-for-stm32.13.3.rel1.win32_1.0.0.202411081344/tools/bin/../lib/gcc/arm-none-eabi/13.3.1/thumb/v7e-m+fp/hard\libgcc.a(_arm_addsubdf3.o)
                0x08000280                __aeabi_drsub
                0x08000288                __aeabi_dsub
                0x08000288                __subdf3
                0x0800028c                __aeabi_dadd
                0x0800028c                __adddf3
                0x08000504                __floatunsidf
                0x08000504                __aeabi_ui2d
                0x08000524                __floatsidf
                0x08000524                __aeabi_i2d
                0x08000548                __aeabi_f2d
                0x08000548                __extendsfdf2
                0x0800058c                __floatundidf
                0x0800058c                __aeabi_ul2d
                0x0800059c                __floatdidf
                0x0800059c                __aeabi_l2d
 .text          0x080005f8      0x424 C:/ST/STM32CubeIDE_1.18.1/STM32CubeIDE/plugins/com.st.stm32cube.ide.mcu.externaltools.gnu-tools-for-stm32.13.3.rel1.win32_1.0.0.202411081344/tools/bin/../lib/gcc/arm-none-eabi/13.3.1/thumb/v7e-m+fp/hard\libgcc.a(_arm_muldivdf3.o)
                0x080005f8                __aeabi_dmul
                0x080005f8                __muldf3
                0x0800084c                __divdf3
                0x0800084c                __aeabi_ddiv
 .text          0x08000a1c      0x110 C:/ST/STM32CubeIDE_1.18.1/STM32CubeIDE/plugins/com.st.stm32cube.ide.mcu.externaltools.gnu-tools-for-stm32.13.3.rel1.win32_1.0.0.202411081344/tools/bin/../lib/gcc/arm-none-eabi/13.3.1/thumb/v7e-m+fp/hard\libgcc.a(_arm_cmpdf2.o)
                0x08000a1c                __gtdf2
                0x08000a1c                __gedf2
                0x08000a24                __ltdf2
                0x08000a24                __ledf2
                0x08000a2c                __nedf2
                0x08000a2c                __eqdf2
                0x08000a2c                __cmpdf2
                0x08000aa8                __aeabi_cdrcmple
                0x08000ab8                __aeabi_cdcmpeq
                0x08000ab8                __aeabi_cdcmple
                0x08000ac8                __aeabi_dcmpeq
                0x08000adc                __aeabi_dcmplt
                0x08000af0                __aeabi_dcmple
                0x08000b04                __aeabi_dcmpge
                0x08000b18                __aeabi_dcmpgt
 .text          0x08000b2c       0x2c C:/ST/STM32CubeIDE_1.18.1/STM32CubeIDE/plugins/com.st.stm32cube.ide.mcu.externaltools.gnu-tools-for-stm32.13.3.rel1.win32_1.0.0.202411081344/tools/bin/../lib/gcc/arm-none-eabi/13.3.1/thumb/v7e-m+fp/hard\libgcc.a(_arm_unorddf2.o)
                0x08000b2c                __unorddf2
                0x08000b2c                __aeabi_dcmpun
 .text          0x08000b58       0x50 C:/ST/STM32CubeIDE_1.18.1/STM32CubeIDE/plugins/com.st.stm32cube.ide.mcu.externaltools.gnu-tools-for-stm32.13.3.rel1.win32_1.0.0.202411081344/tools/bin/../lib/gcc/arm-none-eabi/13.3.1/thumb/v7e-m+fp/hard\libgcc.a(_arm_fixdfsi.o)
                0x08000b58                __aeabi_d2iz
                0x08000b58                __fixdfsi
 .text          0x08000ba8       0x40 C:/ST/STM32CubeIDE_1.18.1/STM32CubeIDE/plugins/com.st.stm32cube.ide.mcu.externaltools.gnu-tools-for-stm32.13.3.rel1.win32_1.0.0.202411081344/tools/bin/../lib/gcc/arm-none-eabi/13.3.1/thumb/v7e-m+fp/hard\libgcc.a(_arm_fixunsdfsi.o)
                0x08000ba8                __aeabi_d2uiz
                0x08000ba8                __fixunsdfsi
 .text          0x08000be8       0xa0 C:/ST/STM32CubeIDE_1.18.1/STM32CubeIDE/plugins/com.st.stm32cube.ide.mcu.externaltools.gnu-tools-for-stm32.13.3.rel1.win32_1.0.0.202411081344/tools/bin/../lib/gcc/arm-none-eabi/13.3.1/thumb/v7e-m+fp/hard\libgcc.a(_arm_truncdfsf2.o)
                0x08000be8                __truncdfsf2
                0x08000be8                __aeabi_d2f
 .text          0x08000c88       0x30 C:/ST/STM32CubeIDE_1.18.1/STM32CubeIDE/plugins/com.st.stm32cube.ide.mcu.externaltools.gnu-tools-for-stm32.13.3.rel1.win32_1.0.0.202411081344/tools/bin/../lib/gcc/arm-none-eabi/13.3.1/thumb/v7e-m+fp/hard\libgcc.a(_aeabi_uldivmod.o)
                0x08000c88                __aeabi_uldivmod
 .text          0x08000cb8       0x30 C:/ST/STM32CubeIDE_1.18.1/STM32CubeIDE/plugins/com.st.stm32cube.ide.mcu.externaltools.gnu-tools-for-stm32.13.3.rel1.win32_1.0.0.202411081344/tools/bin/../lib/gcc/arm-none-eabi/13.3.1/thumb/v7e-m+fp/hard\libgcc.a(_fixdfdi.o)
                0x08000cb8                __fixdfdi
                0x08000cb8                __aeabi_d2lz
 .text          0x08000ce8       0x3c C:/ST/STM32CubeIDE_1.18.1/STM32CubeIDE/plugins/com.st.stm32cube.ide.mcu.externaltools.gnu-tools-for-stm32.13.3.rel1.win32_1.0.0.202411081344/tools/bin/../lib/gcc/arm-none-eabi/13.3.1/thumb/v7e-m+fp/hard\libgcc.a(_fixunsdfdi.o)
                0x08000ce8                __fixunsdfdi
                0x08000ce8                __aeabi_d2ulz
 .text          0x08000d24      0x2f8 C:/ST/STM32CubeIDE_1.18.1/STM32CubeIDE/plugins/com.st.stm32cube.ide.mcu.externaltools.gnu-tools-for-stm32.13.3.rel1.win32_1.0.0.202411081344/tools/bin/../lib/gcc/arm-none-eabi/13.3.1/thumb/v7e-m+fp/hard\libgcc.a(_udivmoddi4.o)
                0x08000d24                __udivmoddi4
 .text          0x0800101c        0x4 C:/ST/STM32CubeIDE_1.18.1/STM32CubeIDE/plugins/com.st.stm32cube.ide.mcu.externaltools.gnu-tools-for-stm32.13.3.rel1.win32_1.0.0.202411081344/tools/bin/../lib/gcc/arm-none-eabi/13.3.1/thumb/v7e-m+fp/hard\libgcc.a(_dvmd_tls.o)
                0x0800101c                __aeabi_idiv0
                0x0800101c                __aeabi_ldiv0
 *(.text*)
 .text.read_calliberation_data
                0x08001020      0x150 ./Core/Src/BMP180.o
                0x08001020                read_calliberation_data
 .text.Get_UPress
                0x08001170       0xbc ./Core/Src/BMP180.o
                0x08001170                Get_UPress
 .text.BMP180_GetPress
                0x0800122c      0x460 ./Core/Src/BMP180.o
                0x0800122c                BMP180_GetPress
 *fill*         0x0800168c        0x4 
 .text.BMP180_GetAlt
                0x08001690       0x94 ./Core/Src/BMP180.o
                0x08001690                BMP180_GetAlt
 .text.BMP180_Start
                0x08001724        0xc ./Core/Src/BMP180.o
                0x08001724                BMP180_Start
 .text._ZSt3absf
                0x08001730       0x20 ./Core/Src/GPS.o
                0x08001730                std::abs(float)
 .text._ZN3GPSC2EP12GPIO_TypeDeft
                0x08001750       0x2c ./Core/Src/GPS.o
                0x08001750                GPS::GPS(GPIO_TypeDef*, unsigned short)
                0x08001750                GPS::GPS(GPIO_TypeDef*, unsigned short)
 .text._ZN3GPS20setKgainConstantRollEff
                0x0800177c       0x2c ./Core/Src/GPS.o
                0x0800177c                GPS::setKgainConstantRoll(float, float)
 .text._ZN3GPS4InitEv
                0x080017a8      0x110 ./Core/Src/GPS.o
                0x080017a8                GPS::Init()
 .text._ZN3GPS7ReadGPSEhPhS0_f
                0x080018b8      0xb64 ./Core/Src/GPS.o
                0x080018b8                GPS::ReadGPS(unsigned char, unsigned char*, unsigned char*, float)
 .text.USART1_IRQHandler
                0x0800241c       0x1c ./Core/Src/GPS.o
                0x0800241c                USART1_IRQHandler
 .text._Z41__static_initialization_and_destruction_0v
                0x08002438       0x18 ./Core/Src/GPS.o
 .text._GLOBAL__sub_I_Serial1
                0x08002450        0xa ./Core/Src/GPS.o
 .text._ZSt4asinf
                0x0800245a       0x20 ./Core/Src/IMU9DOF.o
                0x0800245a                std::asin(float)
 .text._ZSt5atan2ff
                0x0800247a       0x28 ./Core/Src/IMU9DOF.o
                0x0800247a                std::atan2(float, float)
 *fill*         0x080024a2        0x2 
 .text.DWT_Delay_us
                0x080024a4       0x50 ./Core/Src/IMU9DOF.o
 .text._ZN7IMU9DOF32VerticalAccelerationCalculationsEv
                0x080024f4      0x1f4 ./Core/Src/IMU9DOF.o
                0x080024f4                IMU9DOF::VerticalAccelerationCalculations()
 .text._ZN7IMU9DOFC2EP17I2C_HandleTypeDefhm
                0x080026e8       0x34 ./Core/Src/IMU9DOF.o
                0x080026e8                IMU9DOF::IMU9DOF(I2C_HandleTypeDef*, unsigned char, unsigned long)
                0x080026e8                IMU9DOF::IMU9DOF(I2C_HandleTypeDef*, unsigned char, unsigned long)
 *fill*         0x0800271c        0x4 
 .text._ZN7IMU9DOF11ReadCompassEv
                0x08002720      0x478 ./Core/Src/IMU9DOF.o
                0x08002720                IMU9DOF::ReadCompass()
 .text._ZN7IMU9DOF25IsReadyToInterfaceMPU6050Ev
                0x08002b98       0xa8 ./Core/Src/IMU9DOF.o
                0x08002b98                IMU9DOF::IsReadyToInterfaceMPU6050()
 .text._ZN7IMU9DOF26IsReadyToInterfaceHMC5883LEv
                0x08002c40       0xb4 ./Core/Src/IMU9DOF.o
                0x08002c40                IMU9DOF::IsReadyToInterfaceHMC5883L()
 .text._ZN7IMU9DOF19ReadRawAllParameterEv
                0x08002cf4      0x11e ./Core/Src/IMU9DOF.o
                0x08002cf4                IMU9DOF::ReadRawAllParameter()
 *fill*         0x08002e12        0x2 
 .text._ZN7IMU9DOF26SetAccelSensitivityMPU6050E21MPU6050_Accelerometer
                0x08002e14       0xb4 ./Core/Src/IMU9DOF.o
                0x08002e14                IMU9DOF::SetAccelSensitivityMPU6050(MPU6050_Accelerometer)
 .text._ZN7IMU9DOF25SetGyroSensitivityMPU6050E17MPU6050_Gyroscope
                0x08002ec8       0xbc ./Core/Src/IMU9DOF.o
                0x08002ec8                IMU9DOF::SetGyroSensitivityMPU6050(MPU6050_Gyroscope)
 .text._ZN7IMU9DOF9SetupGyroEv
                0x08002f84       0x82 ./Core/Src/IMU9DOF.o
                0x08002f84                IMU9DOF::SetupGyro()
 .text._ZN7IMU9DOF12SetupCompassEv
                0x08003006      0x17e ./Core/Src/IMU9DOF.o
                0x08003006                IMU9DOF::SetupCompass()
 .text._ZN7IMU9DOF25SetupAutomaticReadCompassEv
                0x08003184       0xe2 ./Core/Src/IMU9DOF.o
                0x08003184                IMU9DOF::SetupAutomaticReadCompass()
 *fill*         0x08003266        0x2 
 .text._ZN7IMU9DOF4InitEv
                0x08003268      0x210 ./Core/Src/IMU9DOF.o
                0x08003268                IMU9DOF::Init()
 .text._ZN7IMU9DOF13ReadGyroAccelEv
                0x08003478       0xcc ./Core/Src/IMU9DOF.o
                0x08003478                IMU9DOF::ReadGyroAccel()
 .text._ZN7IMU9DOF12CalibCompassEv
                0x08003544      0x11a ./Core/Src/IMU9DOF.o
                0x08003544                IMU9DOF::CalibCompass()
 *fill*         0x0800365e        0x2 
 .text._ZN7IMU9DOF10CalibLevelEPh
                0x08003660      0x264 ./Core/Src/IMU9DOF.o
                0x08003660                IMU9DOF::CalibLevel(unsigned char*)
 .text._ZN7IMU9DOF9CalibGyroEv
                0x080038c4       0xd0 ./Core/Src/IMU9DOF.o
                0x080038c4                IMU9DOF::CalibGyro()
 *fill*         0x08003994        0x4 
 .text._ZN7IMU9DOF12ReadAngleRPYEv
                0x08003998      0x4e0 ./Core/Src/IMU9DOF.o
                0x08003998                IMU9DOF::ReadAngleRPY()
 .text._ZN7IMU9DOF18CalculateGyroInputEv
                0x08003e78      0x170 ./Core/Src/IMU9DOF.o
                0x08003e78                IMU9DOF::CalculateGyroInput()
 .text._ZN7IMU9DOF14setLevelAdjustEhh
                0x08003fe8       0x50 ./Core/Src/IMU9DOF.o
                0x08003fe8                IMU9DOF::setLevelAdjust(unsigned char, unsigned char)
 .text._ZN7IMU9DOF15CourseDeviationEff
                0x08004038       0xe4 ./Core/Src/IMU9DOF.o
                0x08004038                IMU9DOF::CourseDeviation(float, float)
 .text._ZSt4sqrtIiEN9__gnu_cxx11__enable_ifIXsrSt12__is_integerIT_E7__valueEdE6__typeES3_
                0x0800411c       0x30 ./Core/Src/IMU9DOF.o
                0x0800411c                __gnu_cxx::__enable_if<std::__is_integer<int>::__value, double>::__type std::sqrt<int>(int)
 .text._ZN8MySerialC2EP20__UART_HandleTypeDef
                0x0800414c       0x3c ./Core/Src/MySerial.o
                0x0800414c                MySerial::MySerial(__UART_HandleTypeDef*)
                0x0800414c                MySerial::MySerial(__UART_HandleTypeDef*)
 .text._ZN8MySerial4InitEv
                0x08004188       0x52 ./Core/Src/MySerial.o
                0x08004188                MySerial::Init()
 .text._ZN8MySerial9StoreCharEhP12RingBuffer_t
                0x080041da       0x50 ./Core/Src/MySerial.o
                0x080041da                MySerial::StoreChar(unsigned char, RingBuffer_t*)
 .text._ZN8MySerial4ReadEv
                0x0800422a       0x6a ./Core/Src/MySerial.o
                0x0800422a                MySerial::Read()
 .text._ZN8MySerial15IsDataAvailableEv
                0x08004294       0x38 ./Core/Src/MySerial.o
                0x08004294                MySerial::IsDataAvailable()
 .text._ZN8MySerial7UartIsrEv
                0x080042cc       0xd2 ./Core/Src/MySerial.o
                0x080042cc                MySerial::UartIsr()
 *fill*         0x0800439e        0x2 
 .text.CS_Select
                0x080043a0       0x18 ./Core/Src/NRF24.o
                0x080043a0                CS_Select
 .text.CS_UnSelect
                0x080043b8       0x18 ./Core/Src/NRF24.o
                0x080043b8                CS_UnSelect
 .text.CE_Enable
                0x080043d0       0x18 ./Core/Src/NRF24.o
                0x080043d0                CE_Enable
 .text.CE_Disable
                0x080043e8       0x18 ./Core/Src/NRF24.o
                0x080043e8                CE_Disable
 .text.nrf24_WriteReg
                0x08004400       0x44 ./Core/Src/NRF24.o
                0x08004400                nrf24_WriteReg
 .text.nrf24_WriteRegMulti
                0x08004444       0x4c ./Core/Src/NRF24.o
                0x08004444                nrf24_WriteRegMulti
 .text.nrf24_ReadReg
                0x08004490       0x40 ./Core/Src/NRF24.o
                0x08004490                nrf24_ReadReg
 .text.nrfsendCmd
                0x080044d0       0x2c ./Core/Src/NRF24.o
                0x080044d0                nrfsendCmd
 .text.nrf24_reset
                0x080044fc      0x14c ./Core/Src/NRF24.o
                0x080044fc                nrf24_reset
 .text.NRF24_Init
                0x08004648       0x4e ./Core/Src/NRF24.o
                0x08004648                NRF24_Init
 .text.NRF24_RxMode
                0x08004696       0x7e ./Core/Src/NRF24.o
                0x08004696                NRF24_RxMode
 .text.isDataAvailable
                0x08004714       0x3e ./Core/Src/NRF24.o
                0x08004714                isDataAvailable
 *fill*         0x08004752        0x2 
 .text.NRF24_Receive
                0x08004754       0x54 ./Core/Src/NRF24.o
                0x08004754                NRF24_Receive
 .text._ZN14PID_HorizontalC2Ev
                0x080047a8       0x20 ./Core/Src/PIDHorizontal.o
                0x080047a8                PID_Horizontal::PID_Horizontal()
                0x080047a8                PID_Horizontal::PID_Horizontal()
 .text._ZN14PID_HorizontalD2Ev
                0x080047c8       0x20 ./Core/Src/PIDHorizontal.o
                0x080047c8                PID_Horizontal::~PID_Horizontal()
                0x080047c8                PID_Horizontal::~PID_Horizontal()
 .text._ZN14PID_HorizontalD0Ev
                0x080047e8       0x20 ./Core/Src/PIDHorizontal.o
                0x080047e8                PID_Horizontal::~PID_Horizontal()
 .text._ZN14PID_Horizontal20setKgainConstantRollEffff
                0x08004808       0x3c ./Core/Src/PIDHorizontal.o
                0x08004808                PID_Horizontal::setKgainConstantRoll(float, float, float, float)
 .text._ZN14PID_Horizontal21setKgainConstantPitchEffff
                0x08004844       0x3c ./Core/Src/PIDHorizontal.o
                0x08004844                PID_Horizontal::setKgainConstantPitch(float, float, float, float)
 .text._ZN14PID_Horizontal19setKgainConstantYawEffff
                0x08004880       0x3c ./Core/Src/PIDHorizontal.o
                0x08004880                PID_Horizontal::setKgainConstantYaw(float, float, float, float)
 .text._ZN14PID_Horizontal14setLevelAdjustEff
                0x080048bc       0x28 ./Core/Src/PIDHorizontal.o
                0x080048bc                PID_Horizontal::setLevelAdjust(float, float)
 .text._ZN14PID_Horizontal12calculatePIDEv
                0x080048e4      0x4c8 ./Core/Src/PIDHorizontal.o
                0x080048e4                PID_Horizontal::calculatePID()
 .text._ZN9BarometerC2EP17I2C_HandleTypeDef
                0x08004dac       0x1e ./Core/Src/barometer.o
                0x08004dac                Barometer::Barometer(I2C_HandleTypeDef*)
                0x08004dac                Barometer::Barometer(I2C_HandleTypeDef*)
 .text._ZN9Barometer5ResetEv
                0x08004dca       0x46 ./Core/Src/barometer.o
                0x08004dca                Barometer::Reset()
 .text._ZN9Barometer8ReadPromEv
                0x08004e10       0xb0 ./Core/Src/barometer.o
                0x08004e10                Barometer::ReadProm()
 .text._ZN9Barometer4InitEv
                0x08004ec0       0x46 ./Core/Src/barometer.o
                0x08004ec0                Barometer::Init()
 .text._ZN9Barometer17SetGroundPressureEv
                0x08004f06       0x1e ./Core/Src/barometer.o
                0x08004f06                Barometer::SetGroundPressure()
 .text._ZN9Barometer26GetDataFromPreviousRequestEv
                0x08004f24       0x58 ./Core/Src/barometer.o
                0x08004f24                Barometer::GetDataFromPreviousRequest()
 .text._ZN9Barometer18IsReadyToInterfaceEv
                0x08004f7c       0x34 ./Core/Src/barometer.o
                0x08004f7c                Barometer::IsReadyToInterface()
 .text._ZN9Barometer21GetAverageTemperatureEv
                0x08004fb0       0x94 ./Core/Src/barometer.o
                0x08004fb0                Barometer::GetAverageTemperature()
 .text._ZN9Barometer25RequestGetTemperatureDataEv
                0x08005044       0x28 ./Core/Src/barometer.o
                0x08005044                Barometer::RequestGetTemperatureData()
 .text._ZN9Barometer22RequestGetPressureDataEv
                0x0800506c       0x28 ./Core/Src/barometer.o
                0x0800506c                Barometer::RequestGetPressureData()
 .text._ZN9Barometer18CompensatePressureEv
                0x08005094      0x450 ./Core/Src/barometer.o
                0x08005094                Barometer::CompensatePressure()
 .text._ZN9Barometer18GetAveragePressureEv
                0x080054e4       0xa8 ./Core/Src/barometer.o
                0x080054e4                Barometer::GetAveragePressure()
 .text._ZN9Barometer22UseComplementaryFilterEv
                0x0800558c      0x110 ./Core/Src/barometer.o
                0x0800558c                Barometer::UseComplementaryFilter()
 .text._ZN9Barometer23CalculateLongtermChangeEv
                0x0800569c       0xd4 ./Core/Src/barometer.o
                0x0800569c                Barometer::CalculateLongtermChange()
 .text._ZN9Barometer20GetPidOutputAltitudeEv
                0x08005770       0x20 ./Core/Src/barometer.o
                0x08005770                Barometer::GetPidOutputAltitude()
 .text._ZN9Barometer17GetActualPressureEv
                0x08005790       0x20 ./Core/Src/barometer.o
                0x08005790                Barometer::GetActualPressure()
 .text._ZN9Barometer20CalculateAltitudePIDEh
                0x080057b0      0x2b8 ./Core/Src/barometer.o
                0x080057b0                Barometer::CalculateAltitudePID(unsigned char)
 .text._ZN9Barometer16ResetValuesOfPIDEv
                0x08005a68       0x42 ./Core/Src/barometer.o
                0x08005a68                Barometer::ResetValuesOfPID()
 .text._ZN9Barometer11SetKgainPIDEfffs
                0x08005aaa       0x44 ./Core/Src/barometer.o
                0x08005aaa                Barometer::SetKgainPID(float, float, float, short)
 .text._ZN9Barometer28ReadAndCalculatePIDBarometerEhhh
                0x08005aee      0x116 ./Core/Src/barometer.o
                0x08005aee                Barometer::ReadAndCalculatePIDBarometer(unsigned char, unsigned char, unsigned char)
 .text.DWT_Delay_Init
                0x08005c04       0x60 ./Core/Src/dwt_stm32_delay.o
                0x08005c04                DWT_Delay_Init
 .text.MyFlash_EraseSector
                0x08005c64       0x20 ./Core/Src/flash.o
                0x08005c64                MyFlash_EraseSector
 .text.MyFlash_SetSectorAddrs
                0x08005c84       0x2c ./Core/Src/flash.o
                0x08005c84                MyFlash_SetSectorAddrs
 .text.MyFlash_WriteN
                0x08005cb0       0xf4 ./Core/Src/flash.o
                0x08005cb0                MyFlash_WriteN
 .text.MyFlash_ReadN
                0x08005da4       0xb8 ./Core/Src/flash.o
                0x08005da4                MyFlash_ReadN
 .text.DWT_Delay_us
                0x08005e5c       0x50 ./Core/Src/main.o
 *fill*         0x08005eac        0x4 
 .text._Z23ReceiveDataFromNRF24L01v
                0x08005eb0      0x1fc ./Core/Src/main.o
                0x08005eb0                ReceiveDataFromNRF24L01()
 .text._Z18ReadDataFromBMP180v
                0x080060ac       0x1c ./Core/Src/main.o
                0x080060ac                ReadDataFromBMP180()
 .text._Z13ChangeSettingv
                0x080060c8      0x7c0 ./Core/Src/main.o
                0x080060c8                ChangeSetting()
 .text._Z16StartStopTakeOffv
                0x08006888      0x174 ./Core/Src/main.o
                0x08006888                StartStopTakeOff()
 .text.main     0x080069fc      0x758 ./Core/Src/main.o
                0x080069fc                main
 .text._Z18SystemClock_Configv
                0x08007154       0xe8 ./Core/Src/main.o
                0x08007154                SystemClock_Config()
 .text._ZL12MX_ADC1_Initv
                0x0800723c       0xb8 ./Core/Src/main.o
 .text._ZL12MX_I2C1_Initv
                0x080072f4       0x68 ./Core/Src/main.o
 .text._ZL12MX_I2C2_Initv
                0x0800735c       0x68 ./Core/Src/main.o
 .text._ZL12MX_SPI1_Initv
                0x080073c4       0x78 ./Core/Src/main.o
 .text._ZL12MX_TIM4_Initv
                0x0800743c      0x180 ./Core/Src/main.o
 .text._ZL19MX_USART1_UART_Initv
                0x080075bc       0x5c ./Core/Src/main.o
 .text._ZL12MX_GPIO_Initv
                0x08007618      0x158 ./Core/Src/main.o
 .text.Error_Handler
                0x08007770        0xc ./Core/Src/main.o
                0x08007770                Error_Handler
 .text._Z41__static_initialization_and_destruction_0v
                0x0800777c       0x4c ./Core/Src/main.o
 .text._Z41__static_initialization_and_destruction_1v
                0x080077c8       0x14 ./Core/Src/main.o
 .text._GLOBAL__sub_I_hadc1
                0x080077dc        0xa ./Core/Src/main.o
 .text._GLOBAL__sub_D_hadc1
                0x080077e6        0xa ./Core/Src/main.o
 .text.HAL_MspInit
                0x080077f0       0x50 ./Core/Src/stm32f4xx_hal_msp.o
                0x080077f0                HAL_MspInit
 .text.HAL_ADC_MspInit
                0x08007840       0x88 ./Core/Src/stm32f4xx_hal_msp.o
                0x08007840                HAL_ADC_MspInit
 .text.HAL_I2C_MspInit
                0x080078c8       0xf8 ./Core/Src/stm32f4xx_hal_msp.o
                0x080078c8                HAL_I2C_MspInit
 .text.HAL_SPI_MspInit
                0x080079c0       0x90 ./Core/Src/stm32f4xx_hal_msp.o
                0x080079c0                HAL_SPI_MspInit
 .text.HAL_TIM_Base_MspInit
                0x08007a50       0x44 ./Core/Src/stm32f4xx_hal_msp.o
                0x08007a50                HAL_TIM_Base_MspInit
 .text.HAL_TIM_MspPostInit
                0x08007a94       0x74 ./Core/Src/stm32f4xx_hal_msp.o
                0x08007a94                HAL_TIM_MspPostInit
 .text.HAL_UART_MspInit
                0x08007b08       0x90 ./Core/Src/stm32f4xx_hal_msp.o
                0x08007b08                HAL_UART_MspInit
 .text.NMI_Handler
                0x08007b98        0x8 ./Core/Src/stm32f4xx_it.o
                0x08007b98                NMI_Handler
 .text.HardFault_Handler
                0x08007ba0        0x8 ./Core/Src/stm32f4xx_it.o
                0x08007ba0                HardFault_Handler
 .text.MemManage_Handler
                0x08007ba8        0x8 ./Core/Src/stm32f4xx_it.o
                0x08007ba8                MemManage_Handler
 .text.BusFault_Handler
                0x08007bb0        0x8 ./Core/Src/stm32f4xx_it.o
                0x08007bb0                BusFault_Handler
 .text.UsageFault_Handler
                0x08007bb8        0x8 ./Core/Src/stm32f4xx_it.o
                0x08007bb8                UsageFault_Handler
 .text.SVC_Handler
                0x08007bc0        0xe ./Core/Src/stm32f4xx_it.o
                0x08007bc0                SVC_Handler
 .text.DebugMon_Handler
                0x08007bce        0xe ./Core/Src/stm32f4xx_it.o
                0x08007bce                DebugMon_Handler
 .text.PendSV_Handler
                0x08007bdc        0xe ./Core/Src/stm32f4xx_it.o
                0x08007bdc                PendSV_Handler
 .text.SysTick_Handler
                0x08007bea        0xc ./Core/Src/stm32f4xx_it.o
                0x08007bea                SysTick_Handler
 .text._getpid  0x08007bf6       0x10 ./Core/Src/syscalls.o
                0x08007bf6                _getpid
 .text._kill    0x08007c06       0x20 ./Core/Src/syscalls.o
                0x08007c06                _kill
 .text._exit    0x08007c26       0x16 ./Core/Src/syscalls.o
                0x08007c26                _exit
 .text._read    0x08007c3c       0x3a ./Core/Src/syscalls.o
                0x08007c3c                _read
 .text._write   0x08007c76       0x38 ./Core/Src/syscalls.o
                0x08007c76                _write
 .text._close   0x08007cae       0x18 ./Core/Src/syscalls.o
                0x08007cae                _close
 .text._fstat   0x08007cc6       0x20 ./Core/Src/syscalls.o
                0x08007cc6                _fstat
 .text._isatty  0x08007ce6       0x16 ./Core/Src/syscalls.o
                0x08007ce6                _isatty
 .text._lseek   0x08007cfc       0x1a ./Core/Src/syscalls.o
                0x08007cfc                _lseek
 *fill*         0x08007d16        0x2 
 .text._sbrk    0x08007d18       0x6c ./Core/Src/sysmem.o
                0x08007d18                _sbrk
 .text.SystemInit
                0x08007d84       0x24 ./Core/Src/system_stm32f4xx.o
                0x08007d84                SystemInit
 .text.Reset_Handler
                0x08007da8       0x50 ./Core/Startup/startup_stm32f407vetx.o
                0x08007da8                Reset_Handler
 .text.Default_Handler
                0x08007df8        0x2 ./Core/Startup/startup_stm32f407vetx.o
                0x08007df8                RTC_Alarm_IRQHandler
                0x08007df8                HASH_RNG_IRQHandler
                0x08007df8                EXTI2_IRQHandler
                0x08007df8                TIM8_CC_IRQHandler
                0x08007df8                TIM1_CC_IRQHandler
                0x08007df8                DMA2_Stream5_IRQHandler
                0x08007df8                DMA1_Stream5_IRQHandler
                0x08007df8                PVD_IRQHandler
                0x08007df8                SDIO_IRQHandler
                0x08007df8                TAMP_STAMP_IRQHandler
                0x08007df8                CAN2_RX1_IRQHandler
                0x08007df8                EXTI3_IRQHandler
                0x08007df8                TIM8_TRG_COM_TIM14_IRQHandler
                0x08007df8                TIM1_UP_TIM10_IRQHandler
                0x08007df8                TIM8_UP_TIM13_IRQHandler
                0x08007df8                I2C3_ER_IRQHandler
                0x08007df8                EXTI0_IRQHandler
                0x08007df8                I2C2_EV_IRQHandler
                0x08007df8                DMA1_Stream2_IRQHandler
                0x08007df8                CAN1_RX0_IRQHandler
                0x08007df8                FPU_IRQHandler
                0x08007df8                OTG_HS_WKUP_IRQHandler
                0x08007df8                CAN2_SCE_IRQHandler
                0x08007df8                DMA2_Stream2_IRQHandler
                0x08007df8                SPI1_IRQHandler
                0x08007df8                TIM6_DAC_IRQHandler
                0x08007df8                TIM1_BRK_TIM9_IRQHandler
                0x08007df8                DCMI_IRQHandler
                0x08007df8                CAN2_RX0_IRQHandler
                0x08007df8                DMA2_Stream3_IRQHandler
                0x08007df8                USART6_IRQHandler
                0x08007df8                USART3_IRQHandler
                0x08007df8                CAN1_RX1_IRQHandler
                0x08007df8                UART5_IRQHandler
                0x08007df8                DMA2_Stream0_IRQHandler
                0x08007df8                TIM4_IRQHandler
                0x08007df8                I2C1_EV_IRQHandler
                0x08007df8                DMA1_Stream6_IRQHandler
                0x08007df8                DMA1_Stream1_IRQHandler
                0x08007df8                UART4_IRQHandler
                0x08007df8                TIM3_IRQHandler
                0x08007df8                RCC_IRQHandler
                0x08007df8                TIM8_BRK_TIM12_IRQHandler
                0x08007df8                Default_Handler
                0x08007df8                EXTI15_10_IRQHandler
                0x08007df8                ADC_IRQHandler
                0x08007df8                DMA1_Stream7_IRQHandler
                0x08007df8                TIM7_IRQHandler
                0x08007df8                CAN2_TX_IRQHandler
                0x08007df8                TIM5_IRQHandler
                0x08007df8                DMA2_Stream7_IRQHandler
                0x08007df8                I2C3_EV_IRQHandler
                0x08007df8                EXTI9_5_IRQHandler
                0x08007df8                RTC_WKUP_IRQHandler
                0x08007df8                ETH_WKUP_IRQHandler
                0x08007df8                SPI2_IRQHandler
                0x08007df8                OTG_HS_EP1_IN_IRQHandler
                0x08007df8                DMA1_Stream0_IRQHandler
                0x08007df8                CAN1_TX_IRQHandler
                0x08007df8                EXTI4_IRQHandler
                0x08007df8                FSMC_IRQHandler
                0x08007df8                ETH_IRQHandler
                0x08007df8                OTG_HS_EP1_OUT_IRQHandler
                0x08007df8                WWDG_IRQHandler
                0x08007df8                TIM2_IRQHandler
                0x08007df8                OTG_FS_WKUP_IRQHandler
                0x08007df8                TIM1_TRG_COM_TIM11_IRQHandler
                0x08007df8                OTG_HS_IRQHandler
                0x08007df8                EXTI1_IRQHandler
                0x08007df8                USART2_IRQHandler
                0x08007df8                I2C2_ER_IRQHandler
                0x08007df8                DMA2_Stream1_IRQHandler
                0x08007df8                CAN1_SCE_IRQHandler
                0x08007df8                FLASH_IRQHandler
                0x08007df8                DMA2_Stream4_IRQHandler
                0x08007df8                OTG_FS_IRQHandler
                0x08007df8                SPI3_IRQHandler
                0x08007df8                DMA1_Stream4_IRQHandler
                0x08007df8                I2C1_ER_IRQHandler
                0x08007df8                DMA2_Stream6_IRQHandler
                0x08007df8                DMA1_Stream3_IRQHandler
 *fill*         0x08007dfa        0x2 
 .text.HAL_Init
                0x08007dfc       0x44 ./Drivers/STM32F4xx_HAL_Driver/Src/stm32f4xx_hal.o
                0x08007dfc                HAL_Init
 .text.HAL_InitTick
                0x08007e40       0x60 ./Drivers/STM32F4xx_HAL_Driver/Src/stm32f4xx_hal.o
                0x08007e40                HAL_InitTick
 .text.HAL_IncTick
                0x08007ea0       0x28 ./Drivers/STM32F4xx_HAL_Driver/Src/stm32f4xx_hal.o
                0x08007ea0                HAL_IncTick
 .text.HAL_GetTick
                0x08007ec8       0x18 ./Drivers/STM32F4xx_HAL_Driver/Src/stm32f4xx_hal.o
                0x08007ec8                HAL_GetTick
 .text.HAL_Delay
                0x08007ee0       0x48 ./Drivers/STM32F4xx_HAL_Driver/Src/stm32f4xx_hal.o
                0x08007ee0                HAL_Delay
 .text.HAL_ADC_Init
                0x08007f28       0x86 ./Drivers/STM32F4xx_HAL_Driver/Src/stm32f4xx_hal_adc.o
                0x08007f28                HAL_ADC_Init
 *fill*         0x08007fae        0x2 
 .text.HAL_ADC_ConfigChannel
                0x08007fb0      0x244 ./Drivers/STM32F4xx_HAL_Driver/Src/stm32f4xx_hal_adc.o
                0x08007fb0                HAL_ADC_ConfigChannel
 .text.ADC_Init
                0x080081f4      0x1f8 ./Drivers/STM32F4xx_HAL_Driver/Src/stm32f4xx_hal_adc.o
 .text.__NVIC_SetPriorityGrouping
                0x080083ec       0x48 ./Drivers/STM32F4xx_HAL_Driver/Src/stm32f4xx_hal_cortex.o
 .text.__NVIC_GetPriorityGrouping
                0x08008434       0x1c ./Drivers/STM32F4xx_HAL_Driver/Src/stm32f4xx_hal_cortex.o
 .text.__NVIC_SetPriority
                0x08008450       0x54 ./Drivers/STM32F4xx_HAL_Driver/Src/stm32f4xx_hal_cortex.o
 .text.NVIC_EncodePriority
                0x080084a4       0x66 ./Drivers/STM32F4xx_HAL_Driver/Src/stm32f4xx_hal_cortex.o
 *fill*         0x0800850a        0x2 
 .text.SysTick_Config
                0x0800850c       0x44 ./Drivers/STM32F4xx_HAL_Driver/Src/stm32f4xx_hal_cortex.o
 .text.HAL_NVIC_SetPriorityGrouping
                0x08008550       0x16 ./Drivers/STM32F4xx_HAL_Driver/Src/stm32f4xx_hal_cortex.o
                0x08008550                HAL_NVIC_SetPriorityGrouping
 .text.HAL_NVIC_SetPriority
                0x08008566       0x38 ./Drivers/STM32F4xx_HAL_Driver/Src/stm32f4xx_hal_cortex.o
                0x08008566                HAL_NVIC_SetPriority
 .text.HAL_SYSTICK_Config
                0x0800859e       0x18 ./Drivers/STM32F4xx_HAL_Driver/Src/stm32f4xx_hal_cortex.o
                0x0800859e                HAL_SYSTICK_Config
 .text.HAL_DMA_Abort
                0x080085b6       0xe0 ./Drivers/STM32F4xx_HAL_Driver/Src/stm32f4xx_hal_dma.o
                0x080085b6                HAL_DMA_Abort
 .text.HAL_DMA_Abort_IT
                0x08008696       0x44 ./Drivers/STM32F4xx_HAL_Driver/Src/stm32f4xx_hal_dma.o
                0x08008696                HAL_DMA_Abort_IT
 *fill*         0x080086da        0x2 
 .text.HAL_FLASH_Program
                0x080086dc       0xa4 ./Drivers/STM32F4xx_HAL_Driver/Src/stm32f4xx_hal_flash.o
                0x080086dc                HAL_FLASH_Program
 .text.HAL_FLASH_Unlock
                0x08008780       0x44 ./Drivers/STM32F4xx_HAL_Driver/Src/stm32f4xx_hal_flash.o
                0x08008780                HAL_FLASH_Unlock
 .text.HAL_FLASH_Lock
                0x080087c4       0x20 ./Drivers/STM32F4xx_HAL_Driver/Src/stm32f4xx_hal_flash.o
                0x080087c4                HAL_FLASH_Lock
 .text.FLASH_WaitForLastOperation
                0x080087e4       0x80 ./Drivers/STM32F4xx_HAL_Driver/Src/stm32f4xx_hal_flash.o
                0x080087e4                FLASH_WaitForLastOperation
 .text.FLASH_Program_DoubleWord
                0x08008864       0x64 ./Drivers/STM32F4xx_HAL_Driver/Src/stm32f4xx_hal_flash.o
 .text.FLASH_Program_Word
                0x080088c8       0x44 ./Drivers/STM32F4xx_HAL_Driver/Src/stm32f4xx_hal_flash.o
 .text.FLASH_Program_HalfWord
                0x0800890c       0x48 ./Drivers/STM32F4xx_HAL_Driver/Src/stm32f4xx_hal_flash.o
 .text.FLASH_Program_Byte
                0x08008954       0x44 ./Drivers/STM32F4xx_HAL_Driver/Src/stm32f4xx_hal_flash.o
 .text.FLASH_SetErrorCode
                0x08008998       0xac ./Drivers/STM32F4xx_HAL_Driver/Src/stm32f4xx_hal_flash.o
 .text.FLASH_Erase_Sector
                0x08008a44       0x90 ./Drivers/STM32F4xx_HAL_Driver/Src/stm32f4xx_hal_flash_ex.o
                0x08008a44                FLASH_Erase_Sector
 .text.HAL_GPIO_Init
                0x08008ad4      0x338 ./Drivers/STM32F4xx_HAL_Driver/Src/stm32f4xx_hal_gpio.o
                0x08008ad4                HAL_GPIO_Init
 .text.HAL_GPIO_WritePin
                0x08008e0c       0x32 ./Drivers/STM32F4xx_HAL_Driver/Src/stm32f4xx_hal_gpio.o
                0x08008e0c                HAL_GPIO_WritePin
 .text.HAL_GPIO_TogglePin
                0x08008e3e       0x34 ./Drivers/STM32F4xx_HAL_Driver/Src/stm32f4xx_hal_gpio.o
                0x08008e3e                HAL_GPIO_TogglePin
 *fill*         0x08008e72        0x2 
 .text.HAL_I2C_Init
                0x08008e74      0x288 ./Drivers/STM32F4xx_HAL_Driver/Src/stm32f4xx_hal_i2c.o
                0x08008e74                HAL_I2C_Init
 .text.HAL_I2C_Master_Transmit
                0x080090fc      0x1fc ./Drivers/STM32F4xx_HAL_Driver/Src/stm32f4xx_hal_i2c.o
                0x080090fc                HAL_I2C_Master_Transmit
 .text.HAL_I2C_Master_Receive
                0x080092f8      0x464 ./Drivers/STM32F4xx_HAL_Driver/Src/stm32f4xx_hal_i2c.o
                0x080092f8                HAL_I2C_Master_Receive
 .text.HAL_I2C_Mem_Write
                0x0800975c      0x1f4 ./Drivers/STM32F4xx_HAL_Driver/Src/stm32f4xx_hal_i2c.o
                0x0800975c                HAL_I2C_Mem_Write
 .text.HAL_I2C_Mem_Read
                0x08009950      0x464 ./Drivers/STM32F4xx_HAL_Driver/Src/stm32f4xx_hal_i2c.o
                0x08009950                HAL_I2C_Mem_Read
 .text.HAL_I2C_IsDeviceReady
                0x08009db4      0x25c ./Drivers/STM32F4xx_HAL_Driver/Src/stm32f4xx_hal_i2c.o
                0x08009db4                HAL_I2C_IsDeviceReady
 .text.I2C_MasterRequestWrite
                0x0800a010      0x104 ./Drivers/STM32F4xx_HAL_Driver/Src/stm32f4xx_hal_i2c.o
 .text.I2C_MasterRequestRead
                0x0800a114      0x19c ./Drivers/STM32F4xx_HAL_Driver/Src/stm32f4xx_hal_i2c.o
 .text.I2C_RequestMemoryWrite
                0x0800a2b0      0x12c ./Drivers/STM32F4xx_HAL_Driver/Src/stm32f4xx_hal_i2c.o
 .text.I2C_RequestMemoryRead
                0x0800a3dc      0x1d0 ./Drivers/STM32F4xx_HAL_Driver/Src/stm32f4xx_hal_i2c.o
 .text.I2C_WaitOnFlagUntilTimeout
                0x0800a5ac       0xf4 ./Drivers/STM32F4xx_HAL_Driver/Src/stm32f4xx_hal_i2c.o
 .text.I2C_WaitOnMasterAddressFlagUntilTimeout
                0x0800a6a0      0x140 ./Drivers/STM32F4xx_HAL_Driver/Src/stm32f4xx_hal_i2c.o
 .text.I2C_WaitOnTXEFlagUntilTimeout
                0x0800a7e0       0x90 ./Drivers/STM32F4xx_HAL_Driver/Src/stm32f4xx_hal_i2c.o
 .text.I2C_WaitOnBTFFlagUntilTimeout
                0x0800a870       0x90 ./Drivers/STM32F4xx_HAL_Driver/Src/stm32f4xx_hal_i2c.o
 .text.I2C_WaitOnRXNEFlagUntilTimeout
                0x0800a900       0xba ./Drivers/STM32F4xx_HAL_Driver/Src/stm32f4xx_hal_i2c.o
 .text.I2C_IsAcknowledgeFailed
                0x0800a9ba       0x5e ./Drivers/STM32F4xx_HAL_Driver/Src/stm32f4xx_hal_i2c.o
 .text.HAL_RCC_OscConfig
                0x0800aa18      0x4f0 ./Drivers/STM32F4xx_HAL_Driver/Src/stm32f4xx_hal_rcc.o
                0x0800aa18                HAL_RCC_OscConfig
 .text.HAL_RCC_ClockConfig
                0x0800af08      0x1cc ./Drivers/STM32F4xx_HAL_Driver/Src/stm32f4xx_hal_rcc.o
                0x0800af08                HAL_RCC_ClockConfig
 .text.HAL_RCC_GetSysClockFreq
                0x0800b0d4      0x18c ./Drivers/STM32F4xx_HAL_Driver/Src/stm32f4xx_hal_rcc.o
                0x0800b0d4                HAL_RCC_GetSysClockFreq
 .text.HAL_RCC_GetHCLKFreq
                0x0800b260       0x18 ./Drivers/STM32F4xx_HAL_Driver/Src/stm32f4xx_hal_rcc.o
                0x0800b260                HAL_RCC_GetHCLKFreq
 .text.HAL_RCC_GetPCLK1Freq
                0x0800b278       0x28 ./Drivers/STM32F4xx_HAL_Driver/Src/stm32f4xx_hal_rcc.o
                0x0800b278                HAL_RCC_GetPCLK1Freq
 .text.HAL_RCC_GetPCLK2Freq
                0x0800b2a0       0x28 ./Drivers/STM32F4xx_HAL_Driver/Src/stm32f4xx_hal_rcc.o
                0x0800b2a0                HAL_RCC_GetPCLK2Freq
 .text.HAL_SPI_Init
                0x0800b2c8      0x112 ./Drivers/STM32F4xx_HAL_Driver/Src/stm32f4xx_hal_spi.o
                0x0800b2c8                HAL_SPI_Init
 .text.HAL_SPI_Transmit
                0x0800b3da      0x288 ./Drivers/STM32F4xx_HAL_Driver/Src/stm32f4xx_hal_spi.o
                0x0800b3da                HAL_SPI_Transmit
 .text.HAL_SPI_Receive
                0x0800b662      0x232 ./Drivers/STM32F4xx_HAL_Driver/Src/stm32f4xx_hal_spi.o
                0x0800b662                HAL_SPI_Receive
 .text.HAL_SPI_TransmitReceive
                0x0800b894      0x352 ./Drivers/STM32F4xx_HAL_Driver/Src/stm32f4xx_hal_spi.o
                0x0800b894                HAL_SPI_TransmitReceive
 *fill*         0x0800bbe6        0x2 
 .text.SPI_WaitFlagStateUntilTimeout
                0x0800bbe8      0x110 ./Drivers/STM32F4xx_HAL_Driver/Src/stm32f4xx_hal_spi.o
 .text.SPI_EndRxTransaction
                0x0800bcf8       0xca ./Drivers/STM32F4xx_HAL_Driver/Src/stm32f4xx_hal_spi.o
 *fill*         0x0800bdc2        0x2 
 .text.SPI_EndRxTxTransaction
                0x0800bdc4       0xa8 ./Drivers/STM32F4xx_HAL_Driver/Src/stm32f4xx_hal_spi.o
 .text.HAL_TIM_Base_Init
                0x0800be6c       0x9e ./Drivers/STM32F4xx_HAL_Driver/Src/stm32f4xx_hal_tim.o
                0x0800be6c                HAL_TIM_Base_Init
 .text.HAL_TIM_PWM_Init
                0x0800bf0a       0x9e ./Drivers/STM32F4xx_HAL_Driver/Src/stm32f4xx_hal_tim.o
                0x0800bf0a                HAL_TIM_PWM_Init
 .text.HAL_TIM_PWM_MspInit
                0x0800bfa8       0x14 ./Drivers/STM32F4xx_HAL_Driver/Src/stm32f4xx_hal_tim.o
                0x0800bfa8                HAL_TIM_PWM_MspInit
 .text.HAL_TIM_PWM_Start
                0x0800bfbc      0x190 ./Drivers/STM32F4xx_HAL_Driver/Src/stm32f4xx_hal_tim.o
                0x0800bfbc                HAL_TIM_PWM_Start
 .text.HAL_TIM_PWM_ConfigChannel
                0x0800c14c      0x184 ./Drivers/STM32F4xx_HAL_Driver/Src/stm32f4xx_hal_tim.o
                0x0800c14c                HAL_TIM_PWM_ConfigChannel
 .text.HAL_TIM_ConfigClockSource
                0x0800c2d0      0x18e ./Drivers/STM32F4xx_HAL_Driver/Src/stm32f4xx_hal_tim.o
                0x0800c2d0                HAL_TIM_ConfigClockSource
 *fill*         0x0800c45e        0x2 
 .text.TIM_Base_SetConfig
                0x0800c460      0x14c ./Drivers/STM32F4xx_HAL_Driver/Src/stm32f4xx_hal_tim.o
                0x0800c460                TIM_Base_SetConfig
 .text.TIM_OC1_SetConfig
                0x0800c5ac       0xe0 ./Drivers/STM32F4xx_HAL_Driver/Src/stm32f4xx_hal_tim.o
 .text.TIM_OC2_SetConfig
                0x0800c68c       0xec ./Drivers/STM32F4xx_HAL_Driver/Src/stm32f4xx_hal_tim.o
                0x0800c68c                TIM_OC2_SetConfig
 .text.TIM_OC3_SetConfig
                0x0800c778       0xe8 ./Drivers/STM32F4xx_HAL_Driver/Src/stm32f4xx_hal_tim.o
 .text.TIM_OC4_SetConfig
                0x0800c860       0xac ./Drivers/STM32F4xx_HAL_Driver/Src/stm32f4xx_hal_tim.o
 .text.TIM_TI1_ConfigInputStage
                0x0800c90c       0x5e ./Drivers/STM32F4xx_HAL_Driver/Src/stm32f4xx_hal_tim.o
 .text.TIM_TI2_ConfigInputStage
                0x0800c96a       0x60 ./Drivers/STM32F4xx_HAL_Driver/Src/stm32f4xx_hal_tim.o
 .text.TIM_ITRx_SetConfig
                0x0800c9ca       0x36 ./Drivers/STM32F4xx_HAL_Driver/Src/stm32f4xx_hal_tim.o
 .text.TIM_ETR_SetConfig
                0x0800ca00       0x40 ./Drivers/STM32F4xx_HAL_Driver/Src/stm32f4xx_hal_tim.o
                0x0800ca00                TIM_ETR_SetConfig
 .text.TIM_CCxChannelCmd
                0x0800ca40       0x4a ./Drivers/STM32F4xx_HAL_Driver/Src/stm32f4xx_hal_tim.o
                0x0800ca40                TIM_CCxChannelCmd
 *fill*         0x0800ca8a        0x2 
 .text.HAL_TIMEx_MasterConfigSynchronization
                0x0800ca8c       0xf8 ./Drivers/STM32F4xx_HAL_Driver/Src/stm32f4xx_hal_tim_ex.o
                0x0800ca8c                HAL_TIMEx_MasterConfigSynchronization
 .text.HAL_UART_Init
                0x0800cb84       0xa0 ./Drivers/STM32F4xx_HAL_Driver/Src/stm32f4xx_hal_uart.o
                0x0800cb84                HAL_UART_Init
 .text.HAL_UART_Transmit
                0x0800cc24      0x116 ./Drivers/STM32F4xx_HAL_Driver/Src/stm32f4xx_hal_uart.o
                0x0800cc24                HAL_UART_Transmit
 *fill*         0x0800cd3a        0x2 
 .text.HAL_UART_IRQHandler
                0x0800cd3c      0x554 ./Drivers/STM32F4xx_HAL_Driver/Src/stm32f4xx_hal_uart.o
                0x0800cd3c                HAL_UART_IRQHandler
 .text.HAL_UART_TxCpltCallback
                0x0800d290       0x14 ./Drivers/STM32F4xx_HAL_Driver/Src/stm32f4xx_hal_uart.o
                0x0800d290                HAL_UART_TxCpltCallback
 .text.HAL_UART_RxCpltCallback
                0x0800d2a4       0x14 ./Drivers/STM32F4xx_HAL_Driver/Src/stm32f4xx_hal_uart.o
                0x0800d2a4                HAL_UART_RxCpltCallback
 .text.HAL_UART_ErrorCallback
                0x0800d2b8       0x14 ./Drivers/STM32F4xx_HAL_Driver/Src/stm32f4xx_hal_uart.o
                0x0800d2b8                HAL_UART_ErrorCallback
 .text.HAL_UARTEx_RxEventCallback
                0x0800d2cc       0x18 ./Drivers/STM32F4xx_HAL_Driver/Src/stm32f4xx_hal_uart.o
                0x0800d2cc                HAL_UARTEx_RxEventCallback
 .text.UART_WaitOnFlagUntilTimeout
                0x0800d2e4       0xb2 ./Drivers/STM32F4xx_HAL_Driver/Src/stm32f4xx_hal_uart.o
 .text.UART_EndRxTransfer
                0x0800d396       0xc6 ./Drivers/STM32F4xx_HAL_Driver/Src/stm32f4xx_hal_uart.o
 .text.UART_DMAAbortOnError
                0x0800d45c       0x22 ./Drivers/STM32F4xx_HAL_Driver/Src/stm32f4xx_hal_uart.o
 .text.UART_Transmit_IT
                0x0800d47e       0xa0 ./Drivers/STM32F4xx_HAL_Driver/Src/stm32f4xx_hal_uart.o
 .text.UART_EndTransmit_IT
                0x0800d51e       0x30 ./Drivers/STM32F4xx_HAL_Driver/Src/stm32f4xx_hal_uart.o
 .text.UART_Receive_IT
                0x0800d54e      0x17c ./Drivers/STM32F4xx_HAL_Driver/Src/stm32f4xx_hal_uart.o
 *fill*         0x0800d6ca        0x2 
 .text.UART_SetConfig
                0x0800d6cc      0x4e8 ./Drivers/STM32F4xx_HAL_Driver/Src/stm32f4xx_hal_uart.o
 .text._ZdlPvj  0x0800dbb4        0x4 C:/ST/STM32CubeIDE_1.18.1/STM32CubeIDE/plugins/com.st.stm32cube.ide.mcu.externaltools.gnu-tools-for-stm32.13.3.rel1.win32_1.0.0.202411081344/tools/bin/../lib/gcc/arm-none-eabi/13.3.1/../../../../arm-none-eabi/lib/thumb/v7e-m+fp/hard\libstdc++_nano.a(del_ops.o)
                0x0800dbb4                operator delete(void*, unsigned int)
 .text._ZdlPv   0x0800dbb8        0x4 C:/ST/STM32CubeIDE_1.18.1/STM32CubeIDE/plugins/com.st.stm32cube.ide.mcu.externaltools.gnu-tools-for-stm32.13.3.rel1.win32_1.0.0.202411081344/tools/bin/../lib/gcc/arm-none-eabi/13.3.1/../../../../arm-none-eabi/lib/thumb/v7e-m+fp/hard\libstdc++_nano.a(del_op.o)
                0x0800dbb8                operator delete(void*)
 .text.pow      0x0800dbbc       0xe0 C:/ST/STM32CubeIDE_1.18.1/STM32CubeIDE/plugins/com.st.stm32cube.ide.mcu.externaltools.gnu-tools-for-stm32.13.3.rel1.win32_1.0.0.202411081344/tools/bin/../lib/gcc/arm-none-eabi/13.3.1/../../../../arm-none-eabi/lib/thumb/v7e-m+fp/hard\libm.a(libm_a-w_pow.o)
                0x0800dbbc                pow
 .text.sqrt     0x0800dc9c       0x58 C:/ST/STM32CubeIDE_1.18.1/STM32CubeIDE/plugins/com.st.stm32cube.ide.mcu.externaltools.gnu-tools-for-stm32.13.3.rel1.win32_1.0.0.202411081344/tools/bin/../lib/gcc/arm-none-eabi/13.3.1/../../../../arm-none-eabi/lib/thumb/v7e-m+fp/hard\libm.a(libm_a-w_sqrt.o)
                0x0800dc9c                sqrt
 *fill*         0x0800dcf4        0x4 
 .text.cos      0x0800dcf8       0xa8 C:/ST/STM32CubeIDE_1.18.1/STM32CubeIDE/plugins/com.st.stm32cube.ide.mcu.externaltools.gnu-tools-for-stm32.13.3.rel1.win32_1.0.0.202411081344/tools/bin/../lib/gcc/arm-none-eabi/13.3.1/../../../../arm-none-eabi/lib/thumb/v7e-m+fp/hard\libm.a(libm_a-s_cos.o)
                0x0800dcf8                cos
 .text.sin      0x0800dda0       0xa8 C:/ST/STM32CubeIDE_1.18.1/STM32CubeIDE/plugins/com.st.stm32cube.ide.mcu.externaltools.gnu-tools-for-stm32.13.3.rel1.win32_1.0.0.202411081344/tools/bin/../lib/gcc/arm-none-eabi/13.3.1/../../../../arm-none-eabi/lib/thumb/v7e-m+fp/hard\libm.a(libm_a-s_sin.o)
                0x0800dda0                sin
 .text.asinf    0x0800de48       0x58 C:/ST/STM32CubeIDE_1.18.1/STM32CubeIDE/plugins/com.st.stm32cube.ide.mcu.externaltools.gnu-tools-for-stm32.13.3.rel1.win32_1.0.0.202411081344/tools/bin/../lib/gcc/arm-none-eabi/13.3.1/../../../../arm-none-eabi/lib/thumb/v7e-m+fp/hard\libm.a(libm_a-wf_asin.o)
                0x0800de48                asinf
 .text.atan2f   0x0800dea0        0x4 C:/ST/STM32CubeIDE_1.18.1/STM32CubeIDE/plugins/com.st.stm32cube.ide.mcu.externaltools.gnu-tools-for-stm32.13.3.rel1.win32_1.0.0.202411081344/tools/bin/../lib/gcc/arm-none-eabi/13.3.1/../../../../arm-none-eabi/lib/thumb/v7e-m+fp/hard\libm.a(libm_a-wf_atan2.o)
                0x0800dea0                atan2f
 .text.fabsf    0x0800dea4        0xe C:/ST/STM32CubeIDE_1.18.1/STM32CubeIDE/plugins/com.st.stm32cube.ide.mcu.externaltools.gnu-tools-for-stm32.13.3.rel1.win32_1.0.0.202411081344/tools/bin/../lib/gcc/arm-none-eabi/13.3.1/../../../../arm-none-eabi/lib/thumb/v7e-m+fp/hard\libm.a(libm_a-sf_fabs.o)
                0x0800dea4                fabsf
 .text.finite   0x0800deb2       0x16 C:/ST/STM32CubeIDE_1.18.1/STM32CubeIDE/plugins/com.st.stm32cube.ide.mcu.externaltools.gnu-tools-for-stm32.13.3.rel1.win32_1.0.0.202411081344/tools/bin/../lib/gcc/arm-none-eabi/13.3.1/../../../../arm-none-eabi/lib/thumb/v7e-m+fp/hard\libm.a(libm_a-s_finite.o)
                0x0800deb2                finite
 .text.nanf     0x0800dec8        0xc C:/ST/STM32CubeIDE_1.18.1/STM32CubeIDE/plugins/com.st.stm32cube.ide.mcu.externaltools.gnu-tools-for-stm32.13.3.rel1.win32_1.0.0.202411081344/tools/bin/../lib/gcc/arm-none-eabi/13.3.1/../../../../arm-none-eabi/lib/thumb/v7e-m+fp/hard\libm.a(libm_a-sf_nan.o)
                0x0800dec8                nanf
 .text.__ieee754_sqrt
                0x0800ded4      0x1ac C:/ST/STM32CubeIDE_1.18.1/STM32CubeIDE/plugins/com.st.stm32cube.ide.mcu.externaltools.gnu-tools-for-stm32.13.3.rel1.win32_1.0.0.202411081344/tools/bin/../lib/gcc/arm-none-eabi/13.3.1/../../../../arm-none-eabi/lib/thumb/v7e-m+fp/hard\libm.a(libm_a-e_sqrt.o)
                0x0800ded4                __ieee754_sqrt
 .text.__kernel_cos
                0x0800e080      0x18c C:/ST/STM32CubeIDE_1.18.1/STM32CubeIDE/plugins/com.st.stm32cube.ide.mcu.externaltools.gnu-tools-for-stm32.13.3.rel1.win32_1.0.0.202411081344/tools/bin/../lib/gcc/arm-none-eabi/13.3.1/../../../../arm-none-eabi/lib/thumb/v7e-m+fp/hard\libm.a(libm_a-k_cos.o)
                0x0800e080                __kernel_cos
 *fill*         0x0800e20c        0x4 
 .text.__kernel_sin
                0x0800e210      0x174 C:/ST/STM32CubeIDE_1.18.1/STM32CubeIDE/plugins/com.st.stm32cube.ide.mcu.externaltools.gnu-tools-for-stm32.13.3.rel1.win32_1.0.0.202411081344/tools/bin/../lib/gcc/arm-none-eabi/13.3.1/../../../../arm-none-eabi/lib/thumb/v7e-m+fp/hard\libm.a(libm_a-k_sin.o)
                0x0800e210                __kernel_sin
 *fill*         0x0800e384        0x4 
 .text.__ieee754_pow
                0x0800e388      0xa94 C:/ST/STM32CubeIDE_1.18.1/STM32CubeIDE/plugins/com.st.stm32cube.ide.mcu.externaltools.gnu-tools-for-stm32.13.3.rel1.win32_1.0.0.202411081344/tools/bin/../lib/gcc/arm-none-eabi/13.3.1/../../../../arm-none-eabi/lib/thumb/v7e-m+fp/hard\libm.a(libm_a-e_pow.o)
                0x0800e388                __ieee754_pow
 *fill*         0x0800ee1c        0x4 
 .text.__ieee754_rem_pio2
                0x0800ee20      0x3f8 C:/ST/STM32CubeIDE_1.18.1/STM32CubeIDE/plugins/com.st.stm32cube.ide.mcu.externaltools.gnu-tools-for-stm32.13.3.rel1.win32_1.0.0.202411081344/tools/bin/../lib/gcc/arm-none-eabi/13.3.1/../../../../arm-none-eabi/lib/thumb/v7e-m+fp/hard\libm.a(libm_a-e_rem_pio2.o)
                0x0800ee20                __ieee754_rem_pio2
 .text.fabs     0x0800f218       0x10 C:/ST/STM32CubeIDE_1.18.1/STM32CubeIDE/plugins/com.st.stm32cube.ide.mcu.externaltools.gnu-tools-for-stm32.13.3.rel1.win32_1.0.0.202411081344/tools/bin/../lib/gcc/arm-none-eabi/13.3.1/../../../../arm-none-eabi/lib/thumb/v7e-m+fp/hard\libm.a(libm_a-s_fabs.o)
                0x0800f218                fabs
 .text.__ieee754_asinf
                0x0800f228      0x1c8 C:/ST/STM32CubeIDE_1.18.1/STM32CubeIDE/plugins/com.st.stm32cube.ide.mcu.externaltools.gnu-tools-for-stm32.13.3.rel1.win32_1.0.0.202411081344/tools/bin/../lib/gcc/arm-none-eabi/13.3.1/../../../../arm-none-eabi/lib/thumb/v7e-m+fp/hard\libm.a(libm_a-ef_asin.o)
                0x0800f228                __ieee754_asinf
 .text.__ieee754_atan2f
                0x0800f3f0      0x140 C:/ST/STM32CubeIDE_1.18.1/STM32CubeIDE/plugins/com.st.stm32cube.ide.mcu.externaltools.gnu-tools-for-stm32.13.3.rel1.win32_1.0.0.202411081344/tools/bin/../lib/gcc/arm-none-eabi/13.3.1/../../../../arm-none-eabi/lib/thumb/v7e-m+fp/hard\libm.a(libm_a-ef_atan2.o)
                0x0800f3f0                __ieee754_atan2f
 .text.atanf    0x0800f530      0x1a8 C:/ST/STM32CubeIDE_1.18.1/STM32CubeIDE/plugins/com.st.stm32cube.ide.mcu.externaltools.gnu-tools-for-stm32.13.3.rel1.win32_1.0.0.202411081344/tools/bin/../lib/gcc/arm-none-eabi/13.3.1/../../../../arm-none-eabi/lib/thumb/v7e-m+fp/hard\libm.a(libm_a-sf_atan.o)
                0x0800f530                atanf
 .text.scalbn   0x0800f6d8       0xf4 C:/ST/STM32CubeIDE_1.18.1/STM32CubeIDE/plugins/com.st.stm32cube.ide.mcu.externaltools.gnu-tools-for-stm32.13.3.rel1.win32_1.0.0.202411081344/tools/bin/../lib/gcc/arm-none-eabi/13.3.1/../../../../arm-none-eabi/lib/thumb/v7e-m+fp/hard\libm.a(libm_a-s_scalbn.o)
                0x0800f6d8                scalbn
 .text.with_errno
                0x0800f7cc       0x24 C:/ST/STM32CubeIDE_1.18.1/STM32CubeIDE/plugins/com.st.stm32cube.ide.mcu.externaltools.gnu-tools-for-stm32.13.3.rel1.win32_1.0.0.202411081344/tools/bin/../lib/gcc/arm-none-eabi/13.3.1/../../../../arm-none-eabi/lib/thumb/v7e-m+fp/hard\libm.a(libm_a-math_err.o)
 .text.xflow    0x0800f7f0       0x32 C:/ST/STM32CubeIDE_1.18.1/STM32CubeIDE/plugins/com.st.stm32cube.ide.mcu.externaltools.gnu-tools-for-stm32.13.3.rel1.win32_1.0.0.202411081344/tools/bin/../lib/gcc/arm-none-eabi/13.3.1/../../../../arm-none-eabi/lib/thumb/v7e-m+fp/hard\libm.a(libm_a-math_err.o)
 *fill*         0x0800f822        0x6 
 .text.__math_uflow
                0x0800f828       0x10 C:/ST/STM32CubeIDE_1.18.1/STM32CubeIDE/plugins/com.st.stm32cube.ide.mcu.externaltools.gnu-tools-for-stm32.13.3.rel1.win32_1.0.0.202411081344/tools/bin/../lib/gcc/arm-none-eabi/13.3.1/../../../../arm-none-eabi/lib/thumb/v7e-m+fp/hard\libm.a(libm_a-math_err.o)
                0x0800f828                __math_uflow
 .text.__math_oflow
                0x0800f838       0x10 C:/ST/STM32CubeIDE_1.18.1/STM32CubeIDE/plugins/com.st.stm32cube.ide.mcu.externaltools.gnu-tools-for-stm32.13.3.rel1.win32_1.0.0.202411081344/tools/bin/../lib/gcc/arm-none-eabi/13.3.1/../../../../arm-none-eabi/lib/thumb/v7e-m+fp/hard\libm.a(libm_a-math_err.o)
                0x0800f838                __math_oflow
 .text.__ieee754_sqrtf
                0x0800f848        0x6 C:/ST/STM32CubeIDE_1.18.1/STM32CubeIDE/plugins/com.st.stm32cube.ide.mcu.externaltools.gnu-tools-for-stm32.13.3.rel1.win32_1.0.0.202411081344/tools/bin/../lib/gcc/arm-none-eabi/13.3.1/../../../../arm-none-eabi/lib/thumb/v7e-m+fp/hard\libm.a(libm_a-ef_sqrt.o)
                0x0800f848                __ieee754_sqrtf
 *fill*         0x0800f84e        0x2 
 .text.__kernel_rem_pio2
                0x0800f850      0x6a0 C:/ST/STM32CubeIDE_1.18.1/STM32CubeIDE/plugins/com.st.stm32cube.ide.mcu.externaltools.gnu-tools-for-stm32.13.3.rel1.win32_1.0.0.202411081344/tools/bin/../lib/gcc/arm-none-eabi/13.3.1/../../../../arm-none-eabi/lib/thumb/v7e-m+fp/hard\libm.a(libm_a-k_rem_pio2.o)
                0x0800f850                __kernel_rem_pio2
 .text.floor    0x0800fef0       0xf8 C:/ST/STM32CubeIDE_1.18.1/STM32CubeIDE/plugins/com.st.stm32cube.ide.mcu.externaltools.gnu-tools-for-stm32.13.3.rel1.win32_1.0.0.202411081344/tools/bin/../lib/gcc/arm-none-eabi/13.3.1/../../../../arm-none-eabi/lib/thumb/v7e-m+fp/hard\libm.a(libm_a-s_floor.o)
                0x0800fef0                floor
 .text.malloc   0x0800ffe8       0x10 C:/ST/STM32CubeIDE_1.18.1/STM32CubeIDE/plugins/com.st.stm32cube.ide.mcu.externaltools.gnu-tools-for-stm32.13.3.rel1.win32_1.0.0.202411081344/tools/bin/../lib/gcc/arm-none-eabi/13.3.1/../../../../arm-none-eabi/lib/thumb/v7e-m+fp/hard\libc_nano.a(libc_a-malloc.o)
                0x0800ffe8                malloc
 .text.free     0x0800fff8       0x10 C:/ST/STM32CubeIDE_1.18.1/STM32CubeIDE/plugins/com.st.stm32cube.ide.mcu.externaltools.gnu-tools-for-stm32.13.3.rel1.win32_1.0.0.202411081344/tools/bin/../lib/gcc/arm-none-eabi/13.3.1/../../../../arm-none-eabi/lib/thumb/v7e-m+fp/hard\libc_nano.a(libc_a-malloc.o)
                0x0800fff8                free
 .text.sbrk_aligned
                0x08010008       0x44 C:/ST/STM32CubeIDE_1.18.1/STM32CubeIDE/plugins/com.st.stm32cube.ide.mcu.externaltools.gnu-tools-for-stm32.13.3.rel1.win32_1.0.0.202411081344/tools/bin/../lib/gcc/arm-none-eabi/13.3.1/../../../../arm-none-eabi/lib/thumb/v7e-m+fp/hard\libc_nano.a(libc_a-mallocr.o)
 .text._malloc_r
                0x0801004c      0x100 C:/ST/STM32CubeIDE_1.18.1/STM32CubeIDE/plugins/com.st.stm32cube.ide.mcu.externaltools.gnu-tools-for-stm32.13.3.rel1.win32_1.0.0.202411081344/tools/bin/../lib/gcc/arm-none-eabi/13.3.1/../../../../arm-none-eabi/lib/thumb/v7e-m+fp/hard\libc_nano.a(libc_a-mallocr.o)
                0x0801004c                _malloc_r
 .text.__malloc_lock
                0x0801014c        0xc C:/ST/STM32CubeIDE_1.18.1/STM32CubeIDE/plugins/com.st.stm32cube.ide.mcu.externaltools.gnu-tools-for-stm32.13.3.rel1.win32_1.0.0.202411081344/tools/bin/../lib/gcc/arm-none-eabi/13.3.1/../../../../arm-none-eabi/lib/thumb/v7e-m+fp/hard\libc_nano.a(libc_a-mlock.o)
                0x0801014c                __malloc_lock
 .text.__malloc_unlock
                0x08010158        0xc C:/ST/STM32CubeIDE_1.18.1/STM32CubeIDE/plugins/com.st.stm32cube.ide.mcu.externaltools.gnu-tools-for-stm32.13.3.rel1.win32_1.0.0.202411081344/tools/bin/../lib/gcc/arm-none-eabi/13.3.1/../../../../arm-none-eabi/lib/thumb/v7e-m+fp/hard\libc_nano.a(libc_a-mlock.o)
                0x08010158                __malloc_unlock
 .text.__cvt    0x08010164       0xca C:/ST/STM32CubeIDE_1.18.1/STM32CubeIDE/plugins/com.st.stm32cube.ide.mcu.externaltools.gnu-tools-for-stm32.13.3.rel1.win32_1.0.0.202411081344/tools/bin/../lib/gcc/arm-none-eabi/13.3.1/../../../../arm-none-eabi/lib/thumb/v7e-m+fp/hard\libc_nano.a(libc_a-nano-vfprintf_float.o)
                0x08010164                __cvt
 .text.__exponent
                0x0801022e       0x74 C:/ST/STM32CubeIDE_1.18.1/STM32CubeIDE/plugins/com.st.stm32cube.ide.mcu.externaltools.gnu-tools-for-stm32.13.3.rel1.win32_1.0.0.202411081344/tools/bin/../lib/gcc/arm-none-eabi/13.3.1/../../../../arm-none-eabi/lib/thumb/v7e-m+fp/hard\libc_nano.a(libc_a-nano-vfprintf_float.o)
                0x0801022e                __exponent
 *fill*         0x080102a2        0x2 
 .text._printf_float
                0x080102a4      0x454 C:/ST/STM32CubeIDE_1.18.1/STM32CubeIDE/plugins/com.st.stm32cube.ide.mcu.externaltools.gnu-tools-for-stm32.13.3.rel1.win32_1.0.0.202411081344/tools/bin/../lib/gcc/arm-none-eabi/13.3.1/../../../../arm-none-eabi/lib/thumb/v7e-m+fp/hard\libc_nano.a(libc_a-nano-vfprintf_float.o)
                0x080102a4                _printf_float
 .text._printf_common
                0x080106f8       0xda C:/ST/STM32CubeIDE_1.18.1/STM32CubeIDE/plugins/com.st.stm32cube.ide.mcu.externaltools.gnu-tools-for-stm32.13.3.rel1.win32_1.0.0.202411081344/tools/bin/../lib/gcc/arm-none-eabi/13.3.1/../../../../arm-none-eabi/lib/thumb/v7e-m+fp/hard\libc_nano.a(libc_a-nano-vfprintf_i.o)
                0x080106f8                _printf_common
 *fill*         0x080107d2        0x2 
 .text._printf_i
                0x080107d4      0x23c C:/ST/STM32CubeIDE_1.18.1/STM32CubeIDE/plugins/com.st.stm32cube.ide.mcu.externaltools.gnu-tools-for-stm32.13.3.rel1.win32_1.0.0.202411081344/tools/bin/../lib/gcc/arm-none-eabi/13.3.1/../../../../arm-none-eabi/lib/thumb/v7e-m+fp/hard\libc_nano.a(libc_a-nano-vfprintf_i.o)
                0x080107d4                _printf_i
 .text._scanf_float
                0x08010a10      0x41c C:/ST/STM32CubeIDE_1.18.1/STM32CubeIDE/plugins/com.st.stm32cube.ide.mcu.externaltools.gnu-tools-for-stm32.13.3.rel1.win32_1.0.0.202411081344/tools/bin/../lib/gcc/arm-none-eabi/13.3.1/../../../../arm-none-eabi/lib/thumb/v7e-m+fp/hard\libc_nano.a(libc_a-nano-vfscanf_float.o)
                0x08010a10                _scanf_float
 .text.std      0x08010e2c       0x6c C:/ST/STM32CubeIDE_1.18.1/STM32CubeIDE/plugins/com.st.stm32cube.ide.mcu.externaltools.gnu-tools-for-stm32.13.3.rel1.win32_1.0.0.202411081344/tools/bin/../lib/gcc/arm-none-eabi/13.3.1/../../../../arm-none-eabi/lib/thumb/v7e-m+fp/hard\libc_nano.a(libc_a-findfp.o)
 .text.stdio_exit_handler
                0x08010e98       0x18 C:/ST/STM32CubeIDE_1.18.1/STM32CubeIDE/plugins/com.st.stm32cube.ide.mcu.externaltools.gnu-tools-for-stm32.13.3.rel1.win32_1.0.0.202411081344/tools/bin/../lib/gcc/arm-none-eabi/13.3.1/../../../../arm-none-eabi/lib/thumb/v7e-m+fp/hard\libc_nano.a(libc_a-findfp.o)
 .text.cleanup_stdio
                0x08010eb0       0x40 C:/ST/STM32CubeIDE_1.18.1/STM32CubeIDE/plugins/com.st.stm32cube.ide.mcu.externaltools.gnu-tools-for-stm32.13.3.rel1.win32_1.0.0.202411081344/tools/bin/../lib/gcc/arm-none-eabi/13.3.1/../../../../arm-none-eabi/lib/thumb/v7e-m+fp/hard\libc_nano.a(libc_a-findfp.o)
 .text.global_stdio_init.part.0
                0x08010ef0       0x3c C:/ST/STM32CubeIDE_1.18.1/STM32CubeIDE/plugins/com.st.stm32cube.ide.mcu.externaltools.gnu-tools-for-stm32.13.3.rel1.win32_1.0.0.202411081344/tools/bin/../lib/gcc/arm-none-eabi/13.3.1/../../../../arm-none-eabi/lib/thumb/v7e-m+fp/hard\libc_nano.a(libc_a-findfp.o)
 .text.__sfp_lock_acquire
                0x08010f2c        0xc C:/ST/STM32CubeIDE_1.18.1/STM32CubeIDE/plugins/com.st.stm32cube.ide.mcu.externaltools.gnu-tools-for-stm32.13.3.rel1.win32_1.0.0.202411081344/tools/bin/../lib/gcc/arm-none-eabi/13.3.1/../../../../arm-none-eabi/lib/thumb/v7e-m+fp/hard\libc_nano.a(libc_a-findfp.o)
                0x08010f2c                __sfp_lock_acquire
 .text.__sfp_lock_release
                0x08010f38        0xc C:/ST/STM32CubeIDE_1.18.1/STM32CubeIDE/plugins/com.st.stm32cube.ide.mcu.externaltools.gnu-tools-for-stm32.13.3.rel1.win32_1.0.0.202411081344/tools/bin/../lib/gcc/arm-none-eabi/13.3.1/../../../../arm-none-eabi/lib/thumb/v7e-m+fp/hard\libc_nano.a(libc_a-findfp.o)
                0x08010f38                __sfp_lock_release
 .text.__sinit  0x08010f44       0x30 C:/ST/STM32CubeIDE_1.18.1/STM32CubeIDE/plugins/com.st.stm32cube.ide.mcu.externaltools.gnu-tools-for-stm32.13.3.rel1.win32_1.0.0.202411081344/tools/bin/../lib/gcc/arm-none-eabi/13.3.1/../../../../arm-none-eabi/lib/thumb/v7e-m+fp/hard\libc_nano.a(libc_a-findfp.o)
                0x08010f44                __sinit
 .text._fwalk_sglue
                0x08010f74       0x3c C:/ST/STM32CubeIDE_1.18.1/STM32CubeIDE/plugins/com.st.stm32cube.ide.mcu.externaltools.gnu-tools-for-stm32.13.3.rel1.win32_1.0.0.202411081344/tools/bin/../lib/gcc/arm-none-eabi/13.3.1/../../../../arm-none-eabi/lib/thumb/v7e-m+fp/hard\libc_nano.a(libc_a-fwalk.o)
                0x08010f74                _fwalk_sglue
 .text.sprintf  0x08010fb0       0x44 C:/ST/STM32CubeIDE_1.18.1/STM32CubeIDE/plugins/com.st.stm32cube.ide.mcu.externaltools.gnu-tools-for-stm32.13.3.rel1.win32_1.0.0.202411081344/tools/bin/../lib/gcc/arm-none-eabi/13.3.1/../../../../arm-none-eabi/lib/thumb/v7e-m+fp/hard\libc_nano.a(libc_a-sprintf.o)
                0x08010fb0                siprintf
                0x08010fb0                sprintf
 .text.__sread  0x08010ff4       0x22 C:/ST/STM32CubeIDE_1.18.1/STM32CubeIDE/plugins/com.st.stm32cube.ide.mcu.externaltools.gnu-tools-for-stm32.13.3.rel1.win32_1.0.0.202411081344/tools/bin/../lib/gcc/arm-none-eabi/13.3.1/../../../../arm-none-eabi/lib/thumb/v7e-m+fp/hard\libc_nano.a(libc_a-stdio.o)
                0x08010ff4                __sread
 .text.__swrite
                0x08011016       0x38 C:/ST/STM32CubeIDE_1.18.1/STM32CubeIDE/plugins/com.st.stm32cube.ide.mcu.externaltools.gnu-tools-for-stm32.13.3.rel1.win32_1.0.0.202411081344/tools/bin/../lib/gcc/arm-none-eabi/13.3.1/../../../../arm-none-eabi/lib/thumb/v7e-m+fp/hard\libc_nano.a(libc_a-stdio.o)
                0x08011016                __swrite
 .text.__sseek  0x0801104e       0x24 C:/ST/STM32CubeIDE_1.18.1/STM32CubeIDE/plugins/com.st.stm32cube.ide.mcu.externaltools.gnu-tools-for-stm32.13.3.rel1.win32_1.0.0.202411081344/tools/bin/../lib/gcc/arm-none-eabi/13.3.1/../../../../arm-none-eabi/lib/thumb/v7e-m+fp/hard\libc_nano.a(libc_a-stdio.o)
                0x0801104e                __sseek
 .text.__sclose
                0x08011072        0x8 C:/ST/STM32CubeIDE_1.18.1/STM32CubeIDE/plugins/com.st.stm32cube.ide.mcu.externaltools.gnu-tools-for-stm32.13.3.rel1.win32_1.0.0.202411081344/tools/bin/../lib/gcc/arm-none-eabi/13.3.1/../../../../arm-none-eabi/lib/thumb/v7e-m+fp/hard\libc_nano.a(libc_a-stdio.o)
                0x08011072                __sclose
 .text.memset   0x0801107a       0x10 C:/ST/STM32CubeIDE_1.18.1/STM32CubeIDE/plugins/com.st.stm32cube.ide.mcu.externaltools.gnu-tools-for-stm32.13.3.rel1.win32_1.0.0.202411081344/tools/bin/../lib/gcc/arm-none-eabi/13.3.1/../../../../arm-none-eabi/lib/thumb/v7e-m+fp/hard\libc_nano.a(libc_a-memset.o)
                0x0801107a                memset
 *fill*         0x0801108a        0x2 
 .text._localeconv_r
                0x0801108c        0x8 C:/ST/STM32CubeIDE_1.18.1/STM32CubeIDE/plugins/com.st.stm32cube.ide.mcu.externaltools.gnu-tools-for-stm32.13.3.rel1.win32_1.0.0.202411081344/tools/bin/../lib/gcc/arm-none-eabi/13.3.1/../../../../arm-none-eabi/lib/thumb/v7e-m+fp/hard\libc_nano.a(libc_a-localeconv.o)
                0x0801108c                _localeconv_r
 .text._close_r
                0x08011094       0x20 C:/ST/STM32CubeIDE_1.18.1/STM32CubeIDE/plugins/com.st.stm32cube.ide.mcu.externaltools.gnu-tools-for-stm32.13.3.rel1.win32_1.0.0.202411081344/tools/bin/../lib/gcc/arm-none-eabi/13.3.1/../../../../arm-none-eabi/lib/thumb/v7e-m+fp/hard\libc_nano.a(libc_a-closer.o)
                0x08011094                _close_r
 .text._lseek_r
                0x080110b4       0x24 C:/ST/STM32CubeIDE_1.18.1/STM32CubeIDE/plugins/com.st.stm32cube.ide.mcu.externaltools.gnu-tools-for-stm32.13.3.rel1.win32_1.0.0.202411081344/tools/bin/../lib/gcc/arm-none-eabi/13.3.1/../../../../arm-none-eabi/lib/thumb/v7e-m+fp/hard\libc_nano.a(libc_a-lseekr.o)
                0x080110b4                _lseek_r
 .text._read_r  0x080110d8       0x24 C:/ST/STM32CubeIDE_1.18.1/STM32CubeIDE/plugins/com.st.stm32cube.ide.mcu.externaltools.gnu-tools-for-stm32.13.3.rel1.win32_1.0.0.202411081344/tools/bin/../lib/gcc/arm-none-eabi/13.3.1/../../../../arm-none-eabi/lib/thumb/v7e-m+fp/hard\libc_nano.a(libc_a-readr.o)
                0x080110d8                _read_r
 .text._sbrk_r  0x080110fc       0x20 C:/ST/STM32CubeIDE_1.18.1/STM32CubeIDE/plugins/com.st.stm32cube.ide.mcu.externaltools.gnu-tools-for-stm32.13.3.rel1.win32_1.0.0.202411081344/tools/bin/../lib/gcc/arm-none-eabi/13.3.1/../../../../arm-none-eabi/lib/thumb/v7e-m+fp/hard\libc_nano.a(libc_a-sbrkr.o)
                0x080110fc                _sbrk_r
 .text._write_r
                0x0801111c       0x24 C:/ST/STM32CubeIDE_1.18.1/STM32CubeIDE/plugins/com.st.stm32cube.ide.mcu.externaltools.gnu-tools-for-stm32.13.3.rel1.win32_1.0.0.202411081344/tools/bin/../lib/gcc/arm-none-eabi/13.3.1/../../../../arm-none-eabi/lib/thumb/v7e-m+fp/hard\libc_nano.a(libc_a-writer.o)
                0x0801111c                _write_r
 .text.__errno  0x08011140        0xc C:/ST/STM32CubeIDE_1.18.1/STM32CubeIDE/plugins/com.st.stm32cube.ide.mcu.externaltools.gnu-tools-for-stm32.13.3.rel1.win32_1.0.0.202411081344/tools/bin/../lib/gcc/arm-none-eabi/13.3.1/../../../../arm-none-eabi/lib/thumb/v7e-m+fp/hard\libc_nano.a(libc_a-errno.o)
                0x08011140                __errno
 .text.__libc_init_array
                0x0801114c       0x48 C:/ST/STM32CubeIDE_1.18.1/STM32CubeIDE/plugins/com.st.stm32cube.ide.mcu.externaltools.gnu-tools-for-stm32.13.3.rel1.win32_1.0.0.202411081344/tools/bin/../lib/gcc/arm-none-eabi/13.3.1/../../../../arm-none-eabi/lib/thumb/v7e-m+fp/hard\libc_nano.a(libc_a-init.o)
                0x0801114c                __libc_init_array
 .text.__retarget_lock_init_recursive
                0x08011194        0x2 C:/ST/STM32CubeIDE_1.18.1/STM32CubeIDE/plugins/com.st.stm32cube.ide.mcu.externaltools.gnu-tools-for-stm32.13.3.rel1.win32_1.0.0.202411081344/tools/bin/../lib/gcc/arm-none-eabi/13.3.1/../../../../arm-none-eabi/lib/thumb/v7e-m+fp/hard\libc_nano.a(libc_a-lock.o)
                0x08011194                __retarget_lock_init_recursive
 .text.__retarget_lock_acquire_recursive
                0x08011196        0x2 C:/ST/STM32CubeIDE_1.18.1/STM32CubeIDE/plugins/com.st.stm32cube.ide.mcu.externaltools.gnu-tools-for-stm32.13.3.rel1.win32_1.0.0.202411081344/tools/bin/../lib/gcc/arm-none-eabi/13.3.1/../../../../arm-none-eabi/lib/thumb/v7e-m+fp/hard\libc_nano.a(libc_a-lock.o)
                0x08011196                __retarget_lock_acquire_recursive
 .text.__retarget_lock_release_recursive
                0x08011198        0x2 C:/ST/STM32CubeIDE_1.18.1/STM32CubeIDE/plugins/com.st.stm32cube.ide.mcu.externaltools.gnu-tools-for-stm32.13.3.rel1.win32_1.0.0.202411081344/tools/bin/../lib/gcc/arm-none-eabi/13.3.1/../../../../arm-none-eabi/lib/thumb/v7e-m+fp/hard\libc_nano.a(libc_a-lock.o)
                0x08011198                __retarget_lock_release_recursive
 .text.quorem   0x0801119a      0x110 C:/ST/STM32CubeIDE_1.18.1/STM32CubeIDE/plugins/com.st.stm32cube.ide.mcu.externaltools.gnu-tools-for-stm32.13.3.rel1.win32_1.0.0.202411081344/tools/bin/../lib/gcc/arm-none-eabi/13.3.1/../../../../arm-none-eabi/lib/thumb/v7e-m+fp/hard\libc_nano.a(libc_a-dtoa.o)
 *fill*         0x080112aa        0x6 
 .text._dtoa_r  0x080112b0      0xba0 C:/ST/STM32CubeIDE_1.18.1/STM32CubeIDE/plugins/com.st.stm32cube.ide.mcu.externaltools.gnu-tools-for-stm32.13.3.rel1.win32_1.0.0.202411081344/tools/bin/../lib/gcc/arm-none-eabi/13.3.1/../../../../arm-none-eabi/lib/thumb/v7e-m+fp/hard\libc_nano.a(libc_a-dtoa.o)
                0x080112b0                _dtoa_r
 .text._free_r  0x08011e50       0x94 C:/ST/STM32CubeIDE_1.18.1/STM32CubeIDE/plugins/com.st.stm32cube.ide.mcu.externaltools.gnu-tools-for-stm32.13.3.rel1.win32_1.0.0.202411081344/tools/bin/../lib/gcc/arm-none-eabi/13.3.1/../../../../arm-none-eabi/lib/thumb/v7e-m+fp/hard\libc_nano.a(libc_a-freer.o)
                0x08011e50                _free_r
 .text._Balloc  0x08011ee4       0x80 C:/ST/STM32CubeIDE_1.18.1/STM32CubeIDE/plugins/com.st.stm32cube.ide.mcu.externaltools.gnu-tools-for-stm32.13.3.rel1.win32_1.0.0.202411081344/tools/bin/../lib/gcc/arm-none-eabi/13.3.1/../../../../arm-none-eabi/lib/thumb/v7e-m+fp/hard\libc_nano.a(libc_a-mprec.o)
                0x08011ee4                _Balloc
 .text._Bfree   0x08011f64       0x44 C:/ST/STM32CubeIDE_1.18.1/STM32CubeIDE/plugins/com.st.stm32cube.ide.mcu.externaltools.gnu-tools-for-stm32.13.3.rel1.win32_1.0.0.202411081344/tools/bin/../lib/gcc/arm-none-eabi/13.3.1/../../../../arm-none-eabi/lib/thumb/v7e-m+fp/hard\libc_nano.a(libc_a-mprec.o)
                0x08011f64                _Bfree
 .text.__multadd
                0x08011fa8       0x8c C:/ST/STM32CubeIDE_1.18.1/STM32CubeIDE/plugins/com.st.stm32cube.ide.mcu.externaltools.gnu-tools-for-stm32.13.3.rel1.win32_1.0.0.202411081344/tools/bin/../lib/gcc/arm-none-eabi/13.3.1/../../../../arm-none-eabi/lib/thumb/v7e-m+fp/hard\libc_nano.a(libc_a-mprec.o)
                0x08011fa8                __multadd
 .text.__s2b    0x08012034       0x94 C:/ST/STM32CubeIDE_1.18.1/STM32CubeIDE/plugins/com.st.stm32cube.ide.mcu.externaltools.gnu-tools-for-stm32.13.3.rel1.win32_1.0.0.202411081344/tools/bin/../lib/gcc/arm-none-eabi/13.3.1/../../../../arm-none-eabi/lib/thumb/v7e-m+fp/hard\libc_nano.a(libc_a-mprec.o)
                0x08012034                __s2b
 .text.__hi0bits
                0x080120c8       0x3e C:/ST/STM32CubeIDE_1.18.1/STM32CubeIDE/plugins/com.st.stm32cube.ide.mcu.externaltools.gnu-tools-for-stm32.13.3.rel1.win32_1.0.0.202411081344/tools/bin/../lib/gcc/arm-none-eabi/13.3.1/../../../../arm-none-eabi/lib/thumb/v7e-m+fp/hard\libc_nano.a(libc_a-mprec.o)
                0x080120c8                __hi0bits
 .text.__lo0bits
                0x08012106       0x5a C:/ST/STM32CubeIDE_1.18.1/STM32CubeIDE/plugins/com.st.stm32cube.ide.mcu.externaltools.gnu-tools-for-stm32.13.3.rel1.win32_1.0.0.202411081344/tools/bin/../lib/gcc/arm-none-eabi/13.3.1/../../../../arm-none-eabi/lib/thumb/v7e-m+fp/hard\libc_nano.a(libc_a-mprec.o)
                0x08012106                __lo0bits
 .text.__i2b    0x08012160       0x2c C:/ST/STM32CubeIDE_1.18.1/STM32CubeIDE/plugins/com.st.stm32cube.ide.mcu.externaltools.gnu-tools-for-stm32.13.3.rel1.win32_1.0.0.202411081344/tools/bin/../lib/gcc/arm-none-eabi/13.3.1/../../../../arm-none-eabi/lib/thumb/v7e-m+fp/hard\libc_nano.a(libc_a-mprec.o)
                0x08012160                __i2b
 .text.__multiply
                0x0801218c      0x144 C:/ST/STM32CubeIDE_1.18.1/STM32CubeIDE/plugins/com.st.stm32cube.ide.mcu.externaltools.gnu-tools-for-stm32.13.3.rel1.win32_1.0.0.202411081344/tools/bin/../lib/gcc/arm-none-eabi/13.3.1/../../../../arm-none-eabi/lib/thumb/v7e-m+fp/hard\libc_nano.a(libc_a-mprec.o)
                0x0801218c                __multiply
 .text.__pow5mult
                0x080122d0       0xb4 C:/ST/STM32CubeIDE_1.18.1/STM32CubeIDE/plugins/com.st.stm32cube.ide.mcu.externaltools.gnu-tools-for-stm32.13.3.rel1.win32_1.0.0.202411081344/tools/bin/../lib/gcc/arm-none-eabi/13.3.1/../../../../arm-none-eabi/lib/thumb/v7e-m+fp/hard\libc_nano.a(libc_a-mprec.o)
                0x080122d0                __pow5mult
 .text.__lshift
                0x08012384       0xd8 C:/ST/STM32CubeIDE_1.18.1/STM32CubeIDE/plugins/com.st.stm32cube.ide.mcu.externaltools.gnu-tools-for-stm32.13.3.rel1.win32_1.0.0.202411081344/tools/bin/../lib/gcc/arm-none-eabi/13.3.1/../../../../arm-none-eabi/lib/thumb/v7e-m+fp/hard\libc_nano.a(libc_a-mprec.o)
                0x08012384                __lshift
 .text.__mcmp   0x0801245c       0x36 C:/ST/STM32CubeIDE_1.18.1/STM32CubeIDE/plugins/com.st.stm32cube.ide.mcu.externaltools.gnu-tools-for-stm32.13.3.rel1.win32_1.0.0.202411081344/tools/bin/../lib/gcc/arm-none-eabi/13.3.1/../../../../arm-none-eabi/lib/thumb/v7e-m+fp/hard\libc_nano.a(libc_a-mprec.o)
                0x0801245c                __mcmp
 *fill*         0x08012492        0x2 
 .text.__mdiff  0x08012494      0x128 C:/ST/STM32CubeIDE_1.18.1/STM32CubeIDE/plugins/com.st.stm32cube.ide.mcu.externaltools.gnu-tools-for-stm32.13.3.rel1.win32_1.0.0.202411081344/tools/bin/../lib/gcc/arm-none-eabi/13.3.1/../../../../arm-none-eabi/lib/thumb/v7e-m+fp/hard\libc_nano.a(libc_a-mprec.o)
                0x08012494                __mdiff
 .text.__ulp    0x080125bc       0x4c C:/ST/STM32CubeIDE_1.18.1/STM32CubeIDE/plugins/com.st.stm32cube.ide.mcu.externaltools.gnu-tools-for-stm32.13.3.rel1.win32_1.0.0.202411081344/tools/bin/../lib/gcc/arm-none-eabi/13.3.1/../../../../arm-none-eabi/lib/thumb/v7e-m+fp/hard\libc_nano.a(libc_a-mprec.o)
                0x080125bc                __ulp
 .text.__b2d    0x08012608       0x94 C:/ST/STM32CubeIDE_1.18.1/STM32CubeIDE/plugins/com.st.stm32cube.ide.mcu.externaltools.gnu-tools-for-stm32.13.3.rel1.win32_1.0.0.202411081344/tools/bin/../lib/gcc/arm-none-eabi/13.3.1/../../../../arm-none-eabi/lib/thumb/v7e-m+fp/hard\libc_nano.a(libc_a-mprec.o)
                0x08012608                __b2d
 .text.__d2b    0x0801269c       0xb0 C:/ST/STM32CubeIDE_1.18.1/STM32CubeIDE/plugins/com.st.stm32cube.ide.mcu.externaltools.gnu-tools-for-stm32.13.3.rel1.win32_1.0.0.202411081344/tools/bin/../lib/gcc/arm-none-eabi/13.3.1/../../../../arm-none-eabi/lib/thumb/v7e-m+fp/hard\libc_nano.a(libc_a-mprec.o)
                0x0801269c                __d2b
 .text.__ratio  0x0801274c       0x64 C:/ST/STM32CubeIDE_1.18.1/STM32CubeIDE/plugins/com.st.stm32cube.ide.mcu.externaltools.gnu-tools-for-stm32.13.3.rel1.win32_1.0.0.202411081344/tools/bin/../lib/gcc/arm-none-eabi/13.3.1/../../../../arm-none-eabi/lib/thumb/v7e-m+fp/hard\libc_nano.a(libc_a-mprec.o)
                0x0801274c                __ratio
 .text.__copybits
                0x080127b0       0x46 C:/ST/STM32CubeIDE_1.18.1/STM32CubeIDE/plugins/com.st.stm32cube.ide.mcu.externaltools.gnu-tools-for-stm32.13.3.rel1.win32_1.0.0.202411081344/tools/bin/../lib/gcc/arm-none-eabi/13.3.1/../../../../arm-none-eabi/lib/thumb/v7e-m+fp/hard\libc_nano.a(libc_a-mprec.o)
                0x080127b0                __copybits
 .text.__any_on
                0x080127f6       0x42 C:/ST/STM32CubeIDE_1.18.1/STM32CubeIDE/plugins/com.st.stm32cube.ide.mcu.externaltools.gnu-tools-for-stm32.13.3.rel1.win32_1.0.0.202411081344/tools/bin/../lib/gcc/arm-none-eabi/13.3.1/../../../../arm-none-eabi/lib/thumb/v7e-m+fp/hard\libc_nano.a(libc_a-mprec.o)
                0x080127f6                __any_on
 .text.sulp     0x08012838       0x3c C:/ST/STM32CubeIDE_1.18.1/STM32CubeIDE/plugins/com.st.stm32cube.ide.mcu.externaltools.gnu-tools-for-stm32.13.3.rel1.win32_1.0.0.202411081344/tools/bin/../lib/gcc/arm-none-eabi/13.3.1/../../../../arm-none-eabi/lib/thumb/v7e-m+fp/hard\libc_nano.a(libc_a-strtod.o)
 *fill*         0x08012874        0x4 
 .text._strtod_l
                0x08012878      0xbc8 C:/ST/STM32CubeIDE_1.18.1/STM32CubeIDE/plugins/com.st.stm32cube.ide.mcu.externaltools.gnu-tools-for-stm32.13.3.rel1.win32_1.0.0.202411081344/tools/bin/../lib/gcc/arm-none-eabi/13.3.1/../../../../arm-none-eabi/lib/thumb/v7e-m+fp/hard\libc_nano.a(libc_a-strtod.o)
                0x08012878                _strtod_l
 .text._strtod_r
                0x08013440        0xc C:/ST/STM32CubeIDE_1.18.1/STM32CubeIDE/plugins/com.st.stm32cube.ide.mcu.externaltools.gnu-tools-for-stm32.13.3.rel1.win32_1.0.0.202411081344/tools/bin/../lib/gcc/arm-none-eabi/13.3.1/../../../../arm-none-eabi/lib/thumb/v7e-m+fp/hard\libc_nano.a(libc_a-strtod.o)
                0x08013440                _strtod_r
 .text._strtol_l.isra.0
                0x0801344c       0xf4 C:/ST/STM32CubeIDE_1.18.1/STM32CubeIDE/plugins/com.st.stm32cube.ide.mcu.externaltools.gnu-tools-for-stm32.13.3.rel1.win32_1.0.0.202411081344/tools/bin/../lib/gcc/arm-none-eabi/13.3.1/../../../../arm-none-eabi/lib/thumb/v7e-m+fp/hard\libc_nano.a(libc_a-strtol.o)
 .text._strtol_r
                0x08013540        0x4 C:/ST/STM32CubeIDE_1.18.1/STM32CubeIDE/plugins/com.st.stm32cube.ide.mcu.externaltools.gnu-tools-for-stm32.13.3.rel1.win32_1.0.0.202411081344/tools/bin/../lib/gcc/arm-none-eabi/13.3.1/../../../../arm-none-eabi/lib/thumb/v7e-m+fp/hard\libc_nano.a(libc_a-strtol.o)
                0x08013540                _strtol_r
 .text.__ssputs_r
                0x08013544       0xb6 C:/ST/STM32CubeIDE_1.18.1/STM32CubeIDE/plugins/com.st.stm32cube.ide.mcu.externaltools.gnu-tools-for-stm32.13.3.rel1.win32_1.0.0.202411081344/tools/bin/../lib/gcc/arm-none-eabi/13.3.1/../../../../arm-none-eabi/lib/thumb/v7e-m+fp/hard\libc_nano.a(libc_a-nano-svfprintf.o)
                0x08013544                __ssputs_r
 *fill*         0x080135fa        0x2 
 .text._svfprintf_r
                0x080135fc      0x1f8 C:/ST/STM32CubeIDE_1.18.1/STM32CubeIDE/plugins/com.st.stm32cube.ide.mcu.externaltools.gnu-tools-for-stm32.13.3.rel1.win32_1.0.0.202411081344/tools/bin/../lib/gcc/arm-none-eabi/13.3.1/../../../../arm-none-eabi/lib/thumb/v7e-m+fp/hard\libc_nano.a(libc_a-nano-svfprintf.o)
                0x080135fc                _svfiprintf_r
                0x080135fc                _svfprintf_r
 .text.__sflush_r
                0x080137f4      0x108 C:/ST/STM32CubeIDE_1.18.1/STM32CubeIDE/plugins/com.st.stm32cube.ide.mcu.externaltools.gnu-tools-for-stm32.13.3.rel1.win32_1.0.0.202411081344/tools/bin/../lib/gcc/arm-none-eabi/13.3.1/../../../../arm-none-eabi/lib/thumb/v7e-m+fp/hard\libc_nano.a(libc_a-fflush.o)
                0x080137f4                __sflush_r
 .text._fflush_r
                0x080138fc       0x50 C:/ST/STM32CubeIDE_1.18.1/STM32CubeIDE/plugins/com.st.stm32cube.ide.mcu.externaltools.gnu-tools-for-stm32.13.3.rel1.win32_1.0.0.202411081344/tools/bin/../lib/gcc/arm-none-eabi/13.3.1/../../../../arm-none-eabi/lib/thumb/v7e-m+fp/hard\libc_nano.a(libc_a-fflush.o)
                0x080138fc                _fflush_r
 .text.memmove  0x0801394c       0x34 C:/ST/STM32CubeIDE_1.18.1/STM32CubeIDE/plugins/com.st.stm32cube.ide.mcu.externaltools.gnu-tools-for-stm32.13.3.rel1.win32_1.0.0.202411081344/tools/bin/../lib/gcc/arm-none-eabi/13.3.1/../../../../arm-none-eabi/lib/thumb/v7e-m+fp/hard\libc_nano.a(libc_a-memmove.o)
                0x0801394c                memmove
 .text.strncmp  0x08013980       0x24 C:/ST/STM32CubeIDE_1.18.1/STM32CubeIDE/plugins/com.st.stm32cube.ide.mcu.externaltools.gnu-tools-for-stm32.13.3.rel1.win32_1.0.0.202411081344/tools/bin/../lib/gcc/arm-none-eabi/13.3.1/../../../../arm-none-eabi/lib/thumb/v7e-m+fp/hard\libc_nano.a(libc_a-strncmp.o)
                0x08013980                strncmp
 .text.memcpy   0x080139a4       0x1c C:/ST/STM32CubeIDE_1.18.1/STM32CubeIDE/plugins/com.st.stm32cube.ide.mcu.externaltools.gnu-tools-for-stm32.13.3.rel1.win32_1.0.0.202411081344/tools/bin/../lib/gcc/arm-none-eabi/13.3.1/../../../../arm-none-eabi/lib/thumb/v7e-m+fp/hard\libc_nano.a(libc_a-memcpy-stub.o)
                0x080139a4                memcpy
 .text.nan      0x080139c0       0x10 C:/ST/STM32CubeIDE_1.18.1/STM32CubeIDE/plugins/com.st.stm32cube.ide.mcu.externaltools.gnu-tools-for-stm32.13.3.rel1.win32_1.0.0.202411081344/tools/bin/../lib/gcc/arm-none-eabi/13.3.1/../../../../arm-none-eabi/lib/thumb/v7e-m+fp/hard\libc_nano.a(libm_a-s_nan.o)
                0x080139c0                nan
 .text.__assert_func
                0x080139d0       0x3c C:/ST/STM32CubeIDE_1.18.1/STM32CubeIDE/plugins/com.st.stm32cube.ide.mcu.externaltools.gnu-tools-for-stm32.13.3.rel1.win32_1.0.0.202411081344/tools/bin/../lib/gcc/arm-none-eabi/13.3.1/../../../../arm-none-eabi/lib/thumb/v7e-m+fp/hard\libc_nano.a(libc_a-assert.o)
                0x080139d0                __assert_func
 .text._calloc_r
                0x08013a0c       0x28 C:/ST/STM32CubeIDE_1.18.1/STM32CubeIDE/plugins/com.st.stm32cube.ide.mcu.externaltools.gnu-tools-for-stm32.13.3.rel1.win32_1.0.0.202411081344/tools/bin/../lib/gcc/arm-none-eabi/13.3.1/../../../../arm-none-eabi/lib/thumb/v7e-m+fp/hard\libc_nano.a(libc_a-callocr.o)
                0x08013a0c                _calloc_r
 .text.rshift   0x08013a34       0xa4 C:/ST/STM32CubeIDE_1.18.1/STM32CubeIDE/plugins/com.st.stm32cube.ide.mcu.externaltools.gnu-tools-for-stm32.13.3.rel1.win32_1.0.0.202411081344/tools/bin/../lib/gcc/arm-none-eabi/13.3.1/../../../../arm-none-eabi/lib/thumb/v7e-m+fp/hard\libc_nano.a(libc_a-gdtoa-gethex.o)
 .text.__hexdig_fun
                0x08013ad8       0x2a C:/ST/STM32CubeIDE_1.18.1/STM32CubeIDE/plugins/com.st.stm32cube.ide.mcu.externaltools.gnu-tools-for-stm32.13.3.rel1.win32_1.0.0.202411081344/tools/bin/../lib/gcc/arm-none-eabi/13.3.1/../../../../arm-none-eabi/lib/thumb/v7e-m+fp/hard\libc_nano.a(libc_a-gdtoa-gethex.o)
                0x08013ad8                __hexdig_fun
 *fill*         0x08013b02        0x2 
 .text.__gethex
                0x08013b04      0x420 C:/ST/STM32CubeIDE_1.18.1/STM32CubeIDE/plugins/com.st.stm32cube.ide.mcu.externaltools.gnu-tools-for-stm32.13.3.rel1.win32_1.0.0.202411081344/tools/bin/../lib/gcc/arm-none-eabi/13.3.1/../../../../arm-none-eabi/lib/thumb/v7e-m+fp/hard\libc_nano.a(libc_a-gdtoa-gethex.o)
                0x08013b04                __gethex
 .text.L_shift  0x08013f24       0x24 C:/ST/STM32CubeIDE_1.18.1/STM32CubeIDE/plugins/com.st.stm32cube.ide.mcu.externaltools.gnu-tools-for-stm32.13.3.rel1.win32_1.0.0.202411081344/tools/bin/../lib/gcc/arm-none-eabi/13.3.1/../../../../arm-none-eabi/lib/thumb/v7e-m+fp/hard\libc_nano.a(libc_a-gdtoa-hexnan.o)
 .text.__match  0x08013f48       0x28 C:/ST/STM32CubeIDE_1.18.1/STM32CubeIDE/plugins/com.st.stm32cube.ide.mcu.externaltools.gnu-tools-for-stm32.13.3.rel1.win32_1.0.0.202411081344/tools/bin/../lib/gcc/arm-none-eabi/13.3.1/../../../../arm-none-eabi/lib/thumb/v7e-m+fp/hard\libc_nano.a(libc_a-gdtoa-hexnan.o)
                0x08013f48                __match
 .text.__hexnan
                0x08013f70      0x136 C:/ST/STM32CubeIDE_1.18.1/STM32CubeIDE/plugins/com.st.stm32cube.ide.mcu.externaltools.gnu-tools-for-stm32.13.3.rel1.win32_1.0.0.202411081344/tools/bin/../lib/gcc/arm-none-eabi/13.3.1/../../../../arm-none-eabi/lib/thumb/v7e-m+fp/hard\libc_nano.a(libc_a-gdtoa-hexnan.o)
                0x08013f70                __hexnan
 .text.__ascii_mbtowc
                0x080140a6       0x24 C:/ST/STM32CubeIDE_1.18.1/STM32CubeIDE/plugins/com.st.stm32cube.ide.mcu.externaltools.gnu-tools-for-stm32.13.3.rel1.win32_1.0.0.202411081344/tools/bin/../lib/gcc/arm-none-eabi/13.3.1/../../../../arm-none-eabi/lib/thumb/v7e-m+fp/hard\libc_nano.a(libc_a-mbtowc_r.o)
                0x080140a6                __ascii_mbtowc
 .text._realloc_r