../Core/Inc/dwt_stm32_delay.h:32:22:void DWT_Delay_us(uint32_t)	24	static
../Core/Src/main.cpp:92:5:int main()	24	static
../Core/Src/main.cpp:214:6:void SystemClock_Config()	88	static
../Core/Src/main.cpp:261:13:void MX_I2C1_Init()	8	static
../Core/Src/main.cpp:295:13:void MX_USART1_UART_Init()	8	static
../Core/Src/main.cpp:328:13:void MX_GPIO_Init()	48	static
../Core/Src/main.cpp:390:6:void Error_Handler()	4	static,ignoring_inline_asm
../Core/Src/main.cpp:399:1:void __static_initialization_and_destruction_0()	8	static
../Core/Src/main.cpp:399:1:cpp)	8	static
