../Core/Inc/dwt_stm32_delay.h:32:22:void DWT_Delay_us(uint32_t)	24	static
../Core/Src/main.cpp:128:6:void ReceiveDataFromNRF24L01()	8	static
../Core/Src/main.cpp:181:6:void ReadDataFromBMP180()	8	static
../Core/Src/main.cpp:187:6:void ChangeSetting()	56	static
../Core/Src/main.cpp:263:6:void StartStopTakeOff()	8	static
../Core/Src/main.cpp:333:5:int main()	32	static
../Core/Src/main.cpp:625:6:void SystemClock_Config()	88	static
../Core/Src/main.cpp:672:13:void MX_ADC1_Init()	24	static
../Core/Src/main.cpp:724:13:void MX_I2C1_Init()	8	static
../Core/Src/main.cpp:758:13:void MX_I2C2_Init()	8	static
../Core/Src/main.cpp:792:13:void MX_SPI1_Init()	8	static
../Core/Src/main.cpp:830:13:void MX_TIM4_Init()	64	static
../Core/Src/main.cpp:901:13:void MX_USART1_UART_Init()	8	static
../Core/Src/main.cpp:934:13:void MX_GPIO_Init()	48	static
../Core/Src/main.cpp:997:6:void Error_Handler()	4	static,ignoring_inline_asm
../Core/Src/main.cpp:1006:1:void __static_initialization_and_destruction_0()	8	static
../Core/Src/main.cpp:1006:1:void __static_initialization_and_destruction_1()	8	static
../Core/Src/main.cpp:1006:1:cpp)	8	static
../Core/Src/main.cpp:1006:1:cpp)	8	static
