../Core/Src/MySerial.cpp:11:1:MySerial::MySerial(UART_HandleTypeDef*)	16	static
../Core/Src/MySerial.cpp:17:6:void MySerial::Init()	16	static
../Core/Src/MySerial.cpp:29:6:void MySerial::StoreChar(unsigned char, RingBuffer_t*)	32	static
../Core/Src/MySerial.cpp:42:5:int MySerial::Read()	24	static
../Core/Src/MySerial.cpp:57:6:void MySerial::Write(int)	24	static
../Core/Src/MySerial.cpp:76:5:int MySerial::IsDataAvailable()	16	static
../Core/Src/MySerial.cpp:81:10:uint16_t MySerial::GetPos(char*)	40	static
../Core/Src/MySerial.cpp:115:6:void MySerial::SendString(const char*)	16	static
../Core/Src/MySerial.cpp:120:6:void MySerial::SendChar(char)	16	static
../Core/Src/MySerial.cpp:123:6:void MySerial::SendBrustByte(uint8_t*, uint8_t)	24	static
../Core/Src/MySerial.cpp:132:6:void MySerial::PrintBase(long int, uint8_t)	72	static
../Core/Src/MySerial.cpp:152:6:void MySerial::GetString(char*)	32	static
../Core/Src/MySerial.cpp:177:5:int MySerial::WaitUntil(char*, char*)	40	static
../Core/Src/MySerial.cpp:206:6:void MySerial::UartIsr()	32	static
